#
# There is insufficient memory for the Java Runtime Environment to continue.
# Native memory allocation (malloc) failed to allocate 1657584 bytes for Chunk::new
# Possible reasons:
#   The system is out of physical RAM or swap space
#   The process is running with CompressedOops enabled, and the Java Heap may be blocking the growth of the native heap
# Possible solutions:
#   Reduce memory load on the system
#   Increase physical memory or swap space
#   Check if swap backing store is full
#   Decrease Java heap size (-Xmx/-Xms)
#   Decrease number of Java threads
#   Decrease Java thread stack sizes (-Xss)
#   Set larger code cache with -XX:ReservedCodeCacheSize=
#   JVM is running with Unscaled Compressed Oops mode in which the Java heap is
#     placed in the first 4GB address space. The Java Heap base address is the
#     maximum limit for the native heap growth. Please use -XX:HeapBaseMinAddress
#     to set the Java Heap base and to place the Java Heap above 4GB virtual address.
# This output file may be truncated or incomplete.
#
#  Out of Memory Error (arena.cpp:189), pid=14176, tid=6108
#
# JRE version: Java(TM) SE Runtime Environment (17.0.12+8) (build 17.0.12+8-LTS-286)
# Java VM: Java HotSpot(TM) 64-Bit Server VM (17.0.12+8-LTS-286, mixed mode, sharing, tiered, compressed oops, compressed class ptrs, g1 gc, windows-amd64)
# No core dump will be written. Minidumps are not enabled by default on client versions of Windows
#

---------------  S U M M A R Y ------------

Command Line: -XX:MaxMetaspaceSize=512m --add-opens=java.base/java.util=ALL-UNNAMED --add-opens=java.base/java.lang=ALL-UNNAMED --add-opens=java.base/java.lang.invoke=ALL-UNNAMED --add-opens=java.prefs/java.util.prefs=ALL-UNNAMED --add-opens=java.base/java.nio.charset=ALL-UNNAMED --add-opens=java.base/java.net=ALL-UNNAMED --add-opens=java.base/java.util.concurrent.atomic=ALL-UNNAMED -Xmx2048m -Dfile.encoding=utf8 -Duser.country=PH -Duser.language=en -Duser.variant org.gradle.launcher.daemon.bootstrap.GradleDaemon 8.0.1

Host: AMD Ryzen 5 5500                               , 12 cores, 31G,  Windows 11 , 64 bit Build 26100 (10.0.26100.4484)
Time: Wed Jul 16 13:26:22 2025 China Standard Time elapsed time: 37.289662 seconds (0d 0h 0m 37s)

---------------  T H R E A D  ---------------

Current thread (0x00000277cb417db0):  JavaThread "C2 CompilerThread0" daemon [_thread_in_native, id=6108, stack(0x000000f223100000,0x000000f223200000)]


Current CompileTask:
C2:  37289 15927       4       org.gradle.internal.resource.transfer.ResourceOperation::logProcessedBytes (87 bytes)

Stack: [0x000000f223100000,0x000000f223200000]
Native frames: (J=compiled Java code, j=interpreted, Vv=VM code, C=native code)
V  [jvm.dll+0x67a04a]
V  [jvm.dll+0x7da4ed]
V  [jvm.dll+0x7dbe33]
V  [jvm.dll+0x7dc4a3]
V  [jvm.dll+0x24508f]
V  [jvm.dll+0xab773]
V  [jvm.dll+0xabd3c]
V  [jvm.dll+0x361bee]
V  [jvm.dll+0x32c431]
V  [jvm.dll+0x32b8ca]
V  [jvm.dll+0x21683f]
V  [jvm.dll+0x215c6f]
V  [jvm.dll+0x1a2960]
V  [jvm.dll+0x22610b]
V  [jvm.dll+0x2242ab]
V  [jvm.dll+0x79075c]
V  [jvm.dll+0x78abea]
V  [jvm.dll+0x678f35]
C  [ucrtbase.dll+0x37b0]
C  [KERNEL32.DLL+0x2e8d7]
C  [ntdll.dll+0x3c34c]


---------------  P R O C E S S  ---------------

Threads class SMR info:
_java_thread_list=0x00000277ef28adc0, length=116, elements={
0x00000277aac835f0, 0x00000277cb3f9b10, 0x00000277cb36afc0, 0x00000277cb410570,
0x00000277cb413250, 0x00000277cb414690, 0x00000277cb415ad0, 0x00000277cb417db0,
0x00000277cb4186c0, 0x00000277cb4258b0, 0x00000277cb571d30, 0x00000277cb574620,
0x00000277ec62f950, 0x00000277eccfcaf0, 0x00000277ece0dd70, 0x00000277ec772960,
0x00000277ec2215e0, 0x00000277ebb22420, 0x00000277ec22d050, 0x00000277ec22da70,
0x00000277ec22bc10, 0x00000277ec22c120, 0x00000277ec22c630, 0x00000277ec22e490,
0x00000277ec22b700, 0x00000277ed94eb40, 0x00000277ed94f050, 0x00000277ed94f560,
0x00000277ed94c7d0, 0x00000277ed94d700, 0x00000277ed94e120, 0x00000277ed94ff80,
0x00000277ed950490, 0x00000277ed94cce0, 0x00000277ed94e630, 0x00000277ed9509a0,
0x00000277ed953730, 0x00000277ed9518d0, 0x00000277ef1f2040, 0x00000277ef1ef2b0,
0x00000277ef1f1620, 0x00000277ef1efcd0, 0x00000277ef1f2550, 0x00000277ef1eeda0,
0x00000277ef1f01e0, 0x00000277ef1f1b30, 0x00000277f0b5c290, 0x00000277f0b5ae50,
0x00000277f0b59a10, 0x00000277f0b5c7a0, 0x00000277f0b5b870, 0x00000277f0b5b360,
0x00000277f0b59f20, 0x00000277f0b58ff0, 0x00000277f0b5ccb0, 0x00000277f0b5d6d0,
0x00000277f0b5dbe0, 0x00000277f0b5bd80, 0x00000277f0b5d1c0, 0x00000277f0b5a430,
0x00000277f0b5e0f0, 0x00000277f0b5e600, 0x00000277f0b60460, 0x00000277f0b5fa40,
0x00000277f0b5eb10, 0x00000277f0b5f530, 0x00000277f0b60970, 0x00000277f0b5ff50,
0x00000277f0b5f020, 0x00000277ece71da0, 0x00000277ece6f520, 0x00000277ece6fa30,
0x00000277ece6ff40, 0x00000277ece6eb00, 0x00000277ece70960, 0x00000277ece70e70,
0x00000277fe05d760, 0x00000277fe05e330, 0x00000277fe05ed50, 0x00000277fe05e840,
0x00000277f018c0d0, 0x00000277f018c5e0, 0x00000277f018e440, 0x00000277f018b6b0,
0x00000277f018bbc0, 0x00000277f018df30, 0x00000277f018caf0, 0x00000277f1934190,
0x00000277ebbb5530, 0x00000277f0079730, 0x00000277f0078d10, 0x00000277f00782f0,
0x00000277f0078800, 0x00000277f0077de0, 0x00000277f0079220, 0x00000277f01d6800,
0x00000277f01d6d10, 0x00000277f01d7730, 0x00000277f01d8660, 0x00000277f01d4eb0,
0x00000277f01d58d0, 0x00000277f01d53c0, 0x00000277f01d5de0, 0x00000277f01d8150,
0x00000277f01d7220, 0x00000277f01d62f0, 0x00000277f01d7c40, 0x00000277efd938c0,
0x00000277efd93dd0, 0x00000277efd933b0, 0x00000277efd91550, 0x00000277efd942e0,
0x00000277efd91a60, 0x00000277efd92990, 0x00000277f1aa1390, 0x00000277f070aaf0
}

Java Threads: ( => current thread )
  0x00000277aac835f0 JavaThread "main" [_thread_blocked, id=6388, stack(0x000000f222400000,0x000000f222500000)]
  0x00000277cb3f9b10 JavaThread "Reference Handler" daemon [_thread_blocked, id=20756, stack(0x000000f222b00000,0x000000f222c00000)]
  0x00000277cb36afc0 JavaThread "Finalizer" daemon [_thread_blocked, id=21924, stack(0x000000f222c00000,0x000000f222d00000)]
  0x00000277cb410570 JavaThread "Signal Dispatcher" daemon [_thread_blocked, id=15012, stack(0x000000f222d00000,0x000000f222e00000)]
  0x00000277cb413250 JavaThread "Attach Listener" daemon [_thread_blocked, id=8272, stack(0x000000f222e00000,0x000000f222f00000)]
  0x00000277cb414690 JavaThread "Service Thread" daemon [_thread_blocked, id=13144, stack(0x000000f222f00000,0x000000f223000000)]
  0x00000277cb415ad0 JavaThread "Monitor Deflation Thread" daemon [_thread_blocked, id=8428, stack(0x000000f223000000,0x000000f223100000)]
=>0x00000277cb417db0 JavaThread "C2 CompilerThread0" daemon [_thread_in_native, id=6108, stack(0x000000f223100000,0x000000f223200000)]
  0x00000277cb4186c0 JavaThread "C1 CompilerThread0" daemon [_thread_blocked, id=1852, stack(0x000000f223200000,0x000000f223300000)]
  0x00000277cb4258b0 JavaThread "Sweeper thread" daemon [_thread_blocked, id=9548, stack(0x000000f223300000,0x000000f223400000)]
  0x00000277cb571d30 JavaThread "Common-Cleaner" daemon [_thread_blocked, id=22184, stack(0x000000f223400000,0x000000f223500000)]
  0x00000277cb574620 JavaThread "Notification Thread" daemon [_thread_blocked, id=8236, stack(0x000000f223500000,0x000000f223600000)]
  0x00000277ec62f950 JavaThread "Daemon health stats" [_thread_blocked, id=19888, stack(0x000000f224200000,0x000000f224300000)]
  0x00000277eccfcaf0 JavaThread "Incoming local TCP Connector on port 54792" [_thread_in_native, id=5100, stack(0x000000f224300000,0x000000f224400000)]
  0x00000277ece0dd70 JavaThread "Daemon periodic checks" [_thread_blocked, id=4476, stack(0x000000f224400000,0x000000f224500000)]
  0x00000277ec772960 JavaThread "Daemon" [_thread_blocked, id=13752, stack(0x000000f224500000,0x000000f224600000)]
  0x00000277ec2215e0 JavaThread "Handler for socket connection from /127.0.0.1:54792 to /127.0.0.1:54793" [_thread_in_native, id=2388, stack(0x000000f224600000,0x000000f224700000)]
  0x00000277ebb22420 JavaThread "Cancel handler" [_thread_blocked, id=2976, stack(0x000000f224700000,0x000000f224800000)]
  0x00000277ec22d050 JavaThread "Daemon worker" [_thread_blocked, id=14812, stack(0x000000f224800000,0x000000f224900000)]
  0x00000277ec22da70 JavaThread "Asynchronous log dispatcher for DefaultDaemonConnection: socket connection from /127.0.0.1:54792 to /127.0.0.1:54793" [_thread_blocked, id=4212, stack(0x000000f224900000,0x000000f224a00000)]
  0x00000277ec22bc10 JavaThread "Stdin handler" [_thread_blocked, id=20224, stack(0x000000f224a00000,0x000000f224b00000)]
  0x00000277ec22c120 JavaThread "Daemon client event forwarder" [_thread_blocked, id=10584, stack(0x000000f224b00000,0x000000f224c00000)]
  0x00000277ec22c630 JavaThread "Cache worker for journal cache (C:\Users\AYO\.gradle\caches\journal-1)" [_thread_blocked, id=21960, stack(0x000000f224c00000,0x000000f224d00000)]
  0x00000277ec22e490 JavaThread "File lock request listener" [_thread_in_native, id=14516, stack(0x000000f224d00000,0x000000f224e00000)]
  0x00000277ec22b700 JavaThread "Cache worker for file hash cache (C:\Users\AYO\.gradle\caches\8.0.1\fileHashes)" [_thread_blocked, id=20592, stack(0x000000f224e00000,0x000000f224f00000)]
  0x00000277ed94eb40 JavaThread "File watcher server" daemon [_thread_in_native, id=8592, stack(0x000000f224f00000,0x000000f225000000)]
  0x00000277ed94f050 JavaThread "File watcher consumer" daemon [_thread_blocked, id=21056, stack(0x000000f225000000,0x000000f225100000)]
  0x00000277ed94f560 JavaThread "jar transforms" [_thread_blocked, id=21228, stack(0x000000f225100000,0x000000f225200000)]
  0x00000277ed94c7d0 JavaThread "jar transforms Thread 2" [_thread_blocked, id=20176, stack(0x000000f225200000,0x000000f225300000)]
  0x00000277ed94d700 JavaThread "jar transforms Thread 3" [_thread_blocked, id=17424, stack(0x000000f225300000,0x000000f225400000)]
  0x00000277ed94e120 JavaThread "Cache worker for checksums cache (C:\Users\AYO\Desktop\Benjie\Projects\test-journal\android\.gradle\8.0.1\checksums)" [_thread_blocked, id=22132, stack(0x000000f223700000,0x000000f223800000)]
  0x00000277ed94ff80 JavaThread "Cache worker for cache directory md-rule (C:\Users\AYO\.gradle\caches\8.0.1\md-rule)" [_thread_blocked, id=22504, stack(0x000000f223800000,0x000000f223900000)]
  0x00000277ed950490 JavaThread "Cache worker for file content cache (C:\Users\AYO\.gradle\caches\8.0.1\fileContent)" [_thread_blocked, id=3764, stack(0x000000f225600000,0x000000f225700000)]
  0x00000277ed94cce0 JavaThread "Cache worker for file hash cache (C:\Users\AYO\Desktop\Benjie\Projects\test-journal\android\.gradle\8.0.1\fileHashes)" [_thread_blocked, id=12712, stack(0x000000f225800000,0x000000f225900000)]
  0x00000277ed94e630 JavaThread "Cache worker for cache directory md-supplier (C:\Users\AYO\.gradle\caches\8.0.1\md-supplier)" [_thread_blocked, id=8460, stack(0x000000f225900000,0x000000f225a00000)]
  0x00000277ed9509a0 JavaThread "Cache worker for execution history cache (C:\Users\AYO\.gradle\caches\8.0.1\executionHistory)" [_thread_blocked, id=19648, stack(0x000000f225a00000,0x000000f225b00000)]
  0x00000277ed953730 JavaThread "jar transforms Thread 4" [_thread_blocked, id=20536, stack(0x000000f225b00000,0x000000f225c00000)]
  0x00000277ed9518d0 JavaThread "jar transforms Thread 5" [_thread_blocked, id=21992, stack(0x000000f225c00000,0x000000f225d00000)]
  0x00000277ef1f2040 JavaThread "jar transforms Thread 6" [_thread_blocked, id=22000, stack(0x000000f225f00000,0x000000f226000000)]
  0x00000277ef1ef2b0 JavaThread "jar transforms Thread 7" [_thread_blocked, id=21252, stack(0x000000f226000000,0x000000f226100000)]
  0x00000277ef1f1620 JavaThread "jar transforms Thread 8" [_thread_blocked, id=9780, stack(0x000000f226100000,0x000000f226200000)]
  0x00000277ef1efcd0 JavaThread "jar transforms Thread 9" [_thread_blocked, id=22388, stack(0x000000f226200000,0x000000f226300000)]
  0x00000277ef1f2550 JavaThread "jar transforms Thread 10" [_thread_blocked, id=18644, stack(0x000000f226300000,0x000000f226400000)]
  0x00000277ef1eeda0 JavaThread "jar transforms Thread 11" [_thread_blocked, id=20000, stack(0x000000f226400000,0x000000f226500000)]
  0x00000277ef1f01e0 JavaThread "jar transforms Thread 12" [_thread_blocked, id=22508, stack(0x000000f226500000,0x000000f226600000)]
  0x00000277ef1f1b30 JavaThread "Cache worker for kotlin-dsl (C:\Users\AYO\.gradle\caches\8.0.1\kotlin-dsl)" [_thread_blocked, id=7660, stack(0x000000f225d00000,0x000000f225e00000)]
  0x00000277f0b5c290 JavaThread "Cache worker for dependencies-accessors (C:\Users\AYO\Desktop\Benjie\Projects\test-journal\android\.gradle\8.0.1\dependencies-accessors)" [_thread_blocked, id=16996, stack(0x000000f226c00000,0x000000f226d00000)]
  0x00000277f0b5ae50 JavaThread "Cache worker for Build Output Cleanup Cache (C:\Users\AYO\Desktop\Benjie\Projects\test-journal\android\.gradle\buildOutputCleanup)" [_thread_blocked, id=7780, stack(0x000000f226d00000,0x000000f226e00000)]
  0x00000277f0b59a10 JavaThread "Cache worker for Build Output Cleanup Cache (C:\Users\AYO\Desktop\Benjie\Projects\test-journal\node_modules\@react-native\gradle-plugin\.gradle\buildOutputCleanup)" [_thread_blocked, id=21728, stack(0x000000f226e00000,0x000000f226f00000)]
  0x00000277f0b5c7a0 JavaThread "Unconstrained build operations" [_thread_blocked, id=20552, stack(0x000000f226f00000,0x000000f227000000)]
  0x00000277f0b5b870 JavaThread "Unconstrained build operations Thread 2" [_thread_blocked, id=22228, stack(0x000000f227000000,0x000000f227100000)]
  0x00000277f0b5b360 JavaThread "Unconstrained build operations Thread 3" [_thread_blocked, id=4804, stack(0x000000f227100000,0x000000f227200000)]
  0x00000277f0b59f20 JavaThread "Unconstrained build operations Thread 4" [_thread_blocked, id=12164, stack(0x000000f227200000,0x000000f227300000)]
  0x00000277f0b58ff0 JavaThread "Unconstrained build operations Thread 5" [_thread_blocked, id=11192, stack(0x000000f227300000,0x000000f227400000)]
  0x00000277f0b5ccb0 JavaThread "Unconstrained build operations Thread 6" [_thread_blocked, id=12564, stack(0x000000f227400000,0x000000f227500000)]
  0x00000277f0b5d6d0 JavaThread "Unconstrained build operations Thread 7" [_thread_blocked, id=3248, stack(0x000000f227500000,0x000000f227600000)]
  0x00000277f0b5dbe0 JavaThread "Unconstrained build operations Thread 8" [_thread_blocked, id=7732, stack(0x000000f227600000,0x000000f227700000)]
  0x00000277f0b5bd80 JavaThread "Unconstrained build operations Thread 9" [_thread_blocked, id=14288, stack(0x000000f227700000,0x000000f227800000)]
  0x00000277f0b5d1c0 JavaThread "Unconstrained build operations Thread 10" [_thread_blocked, id=9204, stack(0x000000f227800000,0x000000f227900000)]
  0x00000277f0b5a430 JavaThread "Unconstrained build operations Thread 11" [_thread_blocked, id=21576, stack(0x000000f227900000,0x000000f227a00000)]
  0x00000277f0b5e0f0 JavaThread "Unconstrained build operations Thread 12" [_thread_blocked, id=10252, stack(0x000000f227a00000,0x000000f227b00000)]
  0x00000277f0b5e600 JavaThread "Unconstrained build operations Thread 13" [_thread_blocked, id=11508, stack(0x000000f227b00000,0x000000f227c00000)]
  0x00000277f0b60460 JavaThread "Unconstrained build operations Thread 14" [_thread_blocked, id=10096, stack(0x000000f227c00000,0x000000f227d00000)]
  0x00000277f0b5fa40 JavaThread "Unconstrained build operations Thread 15" [_thread_blocked, id=14724, stack(0x000000f227d00000,0x000000f227e00000)]
  0x00000277f0b5eb10 JavaThread "Unconstrained build operations Thread 16" [_thread_blocked, id=14896, stack(0x000000f227e00000,0x000000f227f00000)]
  0x00000277f0b5f530 JavaThread "Unconstrained build operations Thread 17" [_thread_blocked, id=16924, stack(0x000000f227f00000,0x000000f228000000)]
  0x00000277f0b60970 JavaThread "Unconstrained build operations Thread 18" [_thread_blocked, id=8024, stack(0x000000f228000000,0x000000f228100000)]
  0x00000277f0b5ff50 JavaThread "Unconstrained build operations Thread 19" [_thread_blocked, id=15064, stack(0x000000f228100000,0x000000f228200000)]
  0x00000277f0b5f020 JavaThread "Unconstrained build operations Thread 20" [_thread_blocked, id=14168, stack(0x000000f228200000,0x000000f228300000)]
  0x00000277ece71da0 JavaThread "Unconstrained build operations Thread 21" [_thread_blocked, id=21692, stack(0x000000f228300000,0x000000f228400000)]
  0x00000277ece6f520 JavaThread "Unconstrained build operations Thread 22" [_thread_blocked, id=14980, stack(0x000000f228400000,0x000000f228500000)]
  0x00000277ece6fa30 JavaThread "Unconstrained build operations Thread 23" [_thread_blocked, id=8276, stack(0x000000f228500000,0x000000f228600000)]
  0x00000277ece6ff40 JavaThread "Unconstrained build operations Thread 24" [_thread_blocked, id=21212, stack(0x000000f228600000,0x000000f228700000)]
  0x00000277ece6eb00 JavaThread "Unconstrained build operations Thread 25" [_thread_blocked, id=20236, stack(0x000000f228700000,0x000000f228800000)]
  0x00000277ece70960 JavaThread "Unconstrained build operations Thread 26" [_thread_blocked, id=2864, stack(0x000000f228800000,0x000000f228900000)]
  0x00000277ece70e70 JavaThread "Memory manager" [_thread_blocked, id=22372, stack(0x000000f228900000,0x000000f228a00000)]
  0x00000277fe05d760 JavaThread "included builds" [_thread_blocked, id=21192, stack(0x000000f228a00000,0x000000f228b00000)]
  0x00000277fe05e330 JavaThread "Execution worker" [_thread_blocked, id=22284, stack(0x000000f228b00000,0x000000f228c00000)]
  0x00000277fe05ed50 JavaThread "Execution worker Thread 2" [_thread_blocked, id=17380, stack(0x000000f228c00000,0x000000f228d00000)]
  0x00000277fe05e840 JavaThread "Execution worker Thread 3" [_thread_blocked, id=16428, stack(0x000000f228d00000,0x000000f228e00000)]
  0x00000277f018c0d0 JavaThread "Execution worker Thread 4" [_thread_blocked, id=21156, stack(0x000000f228e00000,0x000000f228f00000)]
  0x00000277f018c5e0 JavaThread "Execution worker Thread 5" [_thread_blocked, id=22500, stack(0x000000f228f00000,0x000000f229000000)]
  0x00000277f018e440 JavaThread "Execution worker Thread 6" [_thread_in_vm, id=9704, stack(0x000000f229000000,0x000000f229100000)]
  0x00000277f018b6b0 JavaThread "Execution worker Thread 7" [_thread_blocked, id=21628, stack(0x000000f229100000,0x000000f229200000)]
  0x00000277f018bbc0 JavaThread "Execution worker Thread 8" [_thread_blocked, id=2556, stack(0x000000f229200000,0x000000f229300000)]
  0x00000277f018df30 JavaThread "Execution worker Thread 9" [_thread_blocked, id=12364, stack(0x000000f229300000,0x000000f229400000)]
  0x00000277f018caf0 JavaThread "Execution worker Thread 10" [_thread_blocked, id=14096, stack(0x000000f229400000,0x000000f229500000)]
  0x00000277f1934190 JavaThread "Execution worker Thread 11" [_thread_blocked, id=6804, stack(0x000000f229500000,0x000000f229600000)]
  0x00000277ebbb5530 JavaThread "Cache worker for execution history cache (C:\Users\AYO\Desktop\Benjie\Projects\test-journal\node_modules\@react-native\gradle-plugin\.gradle\8.0.1\executionHistory)" [_thread_blocked, id=20960, stack(0x000000f229600000,0x000000f229700000)]
  0x00000277f0079730 JavaThread "Unconstrained build operations Thread 27" [_thread_blocked, id=16648, stack(0x000000f229700000,0x000000f229800000)]
  0x00000277f0078d10 JavaThread "Unconstrained build operations Thread 28" [_thread_blocked, id=8032, stack(0x000000f229800000,0x000000f229900000)]
  0x00000277f00782f0 JavaThread "Unconstrained build operations Thread 29" [_thread_blocked, id=10740, stack(0x000000f229900000,0x000000f229a00000)]
  0x00000277f0078800 JavaThread "Unconstrained build operations Thread 30" [_thread_blocked, id=21868, stack(0x000000f229a00000,0x000000f229b00000)]
  0x00000277f0077de0 JavaThread "Unconstrained build operations Thread 31" [_thread_blocked, id=21264, stack(0x000000f229e00000,0x000000f229f00000)]
  0x00000277f0079220 JavaThread "Unconstrained build operations Thread 32" [_thread_blocked, id=22192, stack(0x000000f229f00000,0x000000f22a000000)]
  0x00000277f01d6800 JavaThread "Unconstrained build operations Thread 33" [_thread_blocked, id=20036, stack(0x000000f22a000000,0x000000f22a100000)]
  0x00000277f01d6d10 JavaThread "Unconstrained build operations Thread 34" [_thread_blocked, id=12152, stack(0x000000f22a100000,0x000000f22a200000)]
  0x00000277f01d7730 JavaThread "Unconstrained build operations Thread 35" [_thread_blocked, id=20644, stack(0x000000f22a200000,0x000000f22a300000)]
  0x00000277f01d8660 JavaThread "Unconstrained build operations Thread 36" [_thread_blocked, id=5596, stack(0x000000f22a300000,0x000000f22a400000)]
  0x00000277f01d4eb0 JavaThread "Unconstrained build operations Thread 37" [_thread_blocked, id=19156, stack(0x000000f22a400000,0x000000f22a500000)]
  0x00000277f01d58d0 JavaThread "Unconstrained build operations Thread 38" [_thread_blocked, id=13780, stack(0x000000f22a500000,0x000000f22a600000)]
  0x00000277f01d53c0 JavaThread "Unconstrained build operations Thread 39" [_thread_blocked, id=10948, stack(0x000000f22a600000,0x000000f22a700000)]
  0x00000277f01d5de0 JavaThread "Unconstrained build operations Thread 40" [_thread_blocked, id=21700, stack(0x000000f22a700000,0x000000f22a800000)]
  0x00000277f01d8150 JavaThread "Unconstrained build operations Thread 41" [_thread_blocked, id=10388, stack(0x000000f22a800000,0x000000f22a900000)]
  0x00000277f01d7220 JavaThread "Unconstrained build operations Thread 42" [_thread_blocked, id=12268, stack(0x000000f22a900000,0x000000f22aa00000)]
  0x00000277f01d62f0 JavaThread "Unconstrained build operations Thread 43" [_thread_blocked, id=17912, stack(0x000000f22aa00000,0x000000f22ab00000)]
  0x00000277f01d7c40 JavaThread "Unconstrained build operations Thread 44" [_thread_blocked, id=20900, stack(0x000000f22ab00000,0x000000f22ac00000)]
  0x00000277efd938c0 JavaThread "Unconstrained build operations Thread 45" [_thread_blocked, id=19084, stack(0x000000f22ac00000,0x000000f22ad00000)]
  0x00000277efd93dd0 JavaThread "Unconstrained build operations Thread 46" [_thread_blocked, id=13912, stack(0x000000f22ad00000,0x000000f22ae00000)]
  0x00000277efd933b0 JavaThread "Unconstrained build operations Thread 47" [_thread_blocked, id=9440, stack(0x000000f22ae00000,0x000000f22af00000)]
  0x00000277efd91550 JavaThread "Unconstrained build operations Thread 48" [_thread_blocked, id=21608, stack(0x000000f22af00000,0x000000f22b000000)]
  0x00000277efd942e0 JavaThread "Unconstrained build operations Thread 49" [_thread_blocked, id=7024, stack(0x000000f22b000000,0x000000f22b100000)]
  0x00000277efd91a60 JavaThread "Unconstrained build operations Thread 50" [_thread_blocked, id=17112, stack(0x000000f22b100000,0x000000f22b200000)]
  0x00000277efd92990 JavaThread "Unconstrained build operations Thread 51" [_thread_blocked, id=15328, stack(0x000000f22b200000,0x000000f22b300000)]
  0x00000277f1aa1390 JavaThread "Unconstrained build operations Thread 52" [_thread_blocked, id=21532, stack(0x000000f22b300000,0x000000f22b400000)]
  0x00000277f070aaf0 JavaThread "C2 CompilerThread1" daemon [_thread_in_native, id=18820, stack(0x000000f229c00000,0x000000f229d00000)]

Other Threads:
  0x00000277cb368780 VMThread "VM Thread" [stack: 0x000000f222a00000,0x000000f222b00000] [id=14740]
  0x00000277aad103c0 WatcherThread [stack: 0x000000f223600000,0x000000f223700000] [id=19688]
  0x00000277aace30b0 GCTaskThread "GC Thread#0" [stack: 0x000000f222500000,0x000000f222600000] [id=22496]
  0x00000277eb9abb70 GCTaskThread "GC Thread#1" [stack: 0x000000f223900000,0x000000f223a00000] [id=20968]
  0x00000277eb9ab8b0 GCTaskThread "GC Thread#2" [stack: 0x000000f223a00000,0x000000f223b00000] [id=20956]
  0x00000277eb9ad430 GCTaskThread "GC Thread#3" [stack: 0x000000f223b00000,0x000000f223c00000] [id=20676]
  0x00000277eb9ad170 GCTaskThread "GC Thread#4" [stack: 0x000000f223c00000,0x000000f223d00000] [id=15896]
  0x00000277eb9acbf0 GCTaskThread "GC Thread#5" [stack: 0x000000f223d00000,0x000000f223e00000] [id=21224]
  0x00000277eb9abe30 GCTaskThread "GC Thread#6" [stack: 0x000000f223e00000,0x000000f223f00000] [id=11544]
  0x00000277eb9ac930 GCTaskThread "GC Thread#7" [stack: 0x000000f223f00000,0x000000f224000000] [id=21988]
  0x00000277eb9ac670 GCTaskThread "GC Thread#8" [stack: 0x000000f224000000,0x000000f224100000] [id=8540]
  0x00000277eb9aceb0 GCTaskThread "GC Thread#9" [stack: 0x000000f224100000,0x000000f224200000] [id=19340]
  0x00000277aacf4070 ConcurrentGCThread "G1 Main Marker" [stack: 0x000000f222600000,0x000000f222700000] [id=8708]
  0x00000277aacf63b0 ConcurrentGCThread "G1 Conc#0" [stack: 0x000000f222700000,0x000000f222800000] [id=22104]
  0x00000277ecfbc940 ConcurrentGCThread "G1 Conc#1" [stack: 0x000000f225400000,0x000000f225500000] [id=2868]
  0x00000277ecfbcc00 ConcurrentGCThread "G1 Conc#2" [stack: 0x000000f225500000,0x000000f225600000] [id=4864]
  0x00000277aad4dba0 ConcurrentGCThread "G1 Refine#0" [stack: 0x000000f222800000,0x000000f222900000] [id=15332]
  0x00000277ed741c80 ConcurrentGCThread "G1 Refine#1" [stack: 0x000000f225e00000,0x000000f225f00000] [id=14144]
  0x00000277ebb40350 ConcurrentGCThread "G1 Refine#2" [stack: 0x000000f226700000,0x000000f226800000] [id=8412]
  0x00000277ebb41200 ConcurrentGCThread "G1 Refine#3" [stack: 0x000000f226800000,0x000000f226900000] [id=7524]
  0x00000277ebb40930 ConcurrentGCThread "G1 Refine#4" [stack: 0x000000f226900000,0x000000f226a00000] [id=15272]
  0x00000277ebb43830 ConcurrentGCThread "G1 Refine#5" [stack: 0x000000f226a00000,0x000000f226b00000] [id=12608]
  0x00000277ebb42c70 ConcurrentGCThread "G1 Refine#6" [stack: 0x000000f226b00000,0x000000f226c00000] [id=9236]
  0x00000277aad4e380 ConcurrentGCThread "G1 Service" [stack: 0x000000f222900000,0x000000f222a00000] [id=18940]

Threads with active compile tasks:
C2 CompilerThread0    37326 15927       4       org.gradle.internal.resource.transfer.ResourceOperation::logProcessedBytes (87 bytes)
C2 CompilerThread1    37327 15956       4       org.objectweb.asm.Frame::execute (2318 bytes)

VM state: not at safepoint (normal execution)

VM Mutex/Monitor currently owned by a thread: None

Heap address: 0x0000000080000000, size: 2048 MB, Compressed Oops mode: 32-bit

CDS archive(s) mapped at: [0x00000277cc000000-0x00000277ccbd0000-0x00000277ccbd0000), size 12386304, SharedBaseAddress: 0x00000277cc000000, ArchiveRelocationMode: 1.
Compressed class space mapped at: 0x00000277cd000000-0x00000277e7000000, reserved size: 436207616
Narrow klass base: 0x00000277cc000000, Narrow klass shift: 0, Narrow klass range: 0x100000000

GC Precious Log:
 CPUs: 12 total, 12 available
 Memory: 32636M
 Large Page Support: Disabled
 NUMA Support: Disabled
 Compressed Oops: Enabled (32-bit)
 Heap Region Size: 1M
 Heap Min Capacity: 8M
 Heap Initial Capacity: 510M
 Heap Max Capacity: 2G
 Pre-touch: Disabled
 Parallel Workers: 10
 Concurrent Workers: 3
 Concurrent Refinement Workers: 10
 Periodic GC: Disabled

Heap:
 garbage-first heap   total 286720K, used 135825K [0x0000000080000000, 0x0000000100000000)
  region size 1024K, 18 young (18432K), 10 survivors (10240K)
 Metaspace       used 128603K, committed 129664K, reserved 557056K
  class space    used 16590K, committed 17088K, reserved 425984K

Heap Regions: E=young(eden), S=young(survivor), O=old, HS=humongous(starts), HC=humongous(continues), CS=collection set, F=free, OA=open archive, CA=closed archive, TAMS=top-at-mark-start (previous, next)
|   0|0x0000000080000000, 0x0000000080100000, 0x0000000080100000|100%|HS|  |TAMS 0x0000000080100000, 0x0000000080000000| Complete 
|   1|0x0000000080100000, 0x0000000080200000, 0x0000000080200000|100%|HC|  |TAMS 0x0000000080200000, 0x0000000080100000| Complete 
|   2|0x0000000080200000, 0x0000000080300000, 0x0000000080300000|100%|HC|  |TAMS 0x0000000080300000, 0x0000000080200000| Complete 
|   3|0x0000000080300000, 0x0000000080400000, 0x0000000080400000|100%|HC|  |TAMS 0x0000000080400000, 0x0000000080300000| Complete 
|   4|0x0000000080400000, 0x0000000080500000, 0x0000000080500000|100%| O|  |TAMS 0x0000000080500000, 0x0000000080400000| Untracked 
|   5|0x0000000080500000, 0x0000000080600000, 0x0000000080600000|100%| O|  |TAMS 0x0000000080600000, 0x0000000080500000| Untracked 
|   6|0x0000000080600000, 0x0000000080700000, 0x0000000080700000|100%| O|  |TAMS 0x0000000080700000, 0x0000000080600000| Untracked 
|   7|0x0000000080700000, 0x0000000080800000, 0x0000000080800000|100%| O|  |TAMS 0x0000000080800000, 0x0000000080700000| Untracked 
|   8|0x0000000080800000, 0x0000000080900000, 0x0000000080900000|100%| O|  |TAMS 0x0000000080900000, 0x0000000080800000| Untracked 
|   9|0x0000000080900000, 0x0000000080a00000, 0x0000000080a00000|100%| O|  |TAMS 0x0000000080a00000, 0x0000000080900000| Untracked 
|  10|0x0000000080a00000, 0x0000000080aed400, 0x0000000080b00000| 92%| O|  |TAMS 0x0000000080aed400, 0x0000000080a00000| Untracked 
|  11|0x0000000080b00000, 0x0000000080c00000, 0x0000000080c00000|100%| O|  |TAMS 0x0000000080c00000, 0x0000000080b00000| Untracked 
|  12|0x0000000080c00000, 0x0000000080d00000, 0x0000000080d00000|100%| O|  |TAMS 0x0000000080d00000, 0x0000000080c00000| Untracked 
|  13|0x0000000080d00000, 0x0000000080e00000, 0x0000000080e00000|100%| O|  |TAMS 0x0000000080e00000, 0x0000000080d00000| Untracked 
|  14|0x0000000080e00000, 0x0000000080f00000, 0x0000000080f00000|100%| O|  |TAMS 0x0000000080f00000, 0x0000000080e00000| Untracked 
|  15|0x0000000080f00000, 0x0000000081000000, 0x0000000081000000|100%| O|  |TAMS 0x0000000081000000, 0x0000000080f00000| Untracked 
|  16|0x0000000081000000, 0x0000000081100000, 0x0000000081100000|100%| O|  |TAMS 0x0000000081100000, 0x0000000081000000| Untracked 
|  17|0x0000000081100000, 0x0000000081200000, 0x0000000081200000|100%| O|  |TAMS 0x0000000081200000, 0x0000000081100000| Untracked 
|  18|0x0000000081200000, 0x0000000081300000, 0x0000000081300000|100%| O|  |TAMS 0x0000000081300000, 0x0000000081200000| Untracked 
|  19|0x0000000081300000, 0x0000000081400000, 0x0000000081400000|100%| O|  |TAMS 0x0000000081400000, 0x0000000081300000| Untracked 
|  20|0x0000000081400000, 0x0000000081500000, 0x0000000081500000|100%| O|  |TAMS 0x0000000081500000, 0x0000000081400000| Untracked 
|  21|0x0000000081500000, 0x0000000081600000, 0x0000000081600000|100%| O|  |TAMS 0x0000000081600000, 0x0000000081500000| Untracked 
|  22|0x0000000081600000, 0x0000000081700000, 0x0000000081700000|100%| O|  |TAMS 0x0000000081700000, 0x0000000081600000| Untracked 
|  23|0x0000000081700000, 0x0000000081800000, 0x0000000081800000|100%| O|  |TAMS 0x0000000081800000, 0x0000000081700000| Untracked 
|  24|0x0000000081800000, 0x0000000081900000, 0x0000000081900000|100%| O|  |TAMS 0x0000000081900000, 0x0000000081800000| Untracked 
|  25|0x0000000081900000, 0x0000000081a00000, 0x0000000081a00000|100%| O|  |TAMS 0x0000000081a00000, 0x0000000081900000| Untracked 
|  26|0x0000000081a00000, 0x0000000081b00000, 0x0000000081b00000|100%| O|  |TAMS 0x0000000081b00000, 0x0000000081a00000| Untracked 
|  27|0x0000000081b00000, 0x0000000081c00000, 0x0000000081c00000|100%| O|  |TAMS 0x0000000081c00000, 0x0000000081b00000| Untracked 
|  28|0x0000000081c00000, 0x0000000081d00000, 0x0000000081d00000|100%| O|  |TAMS 0x0000000081d00000, 0x0000000081c00000| Untracked 
|  29|0x0000000081d00000, 0x0000000081e00000, 0x0000000081e00000|100%| O|  |TAMS 0x0000000081e00000, 0x0000000081d00000| Untracked 
|  30|0x0000000081e00000, 0x0000000081f00000, 0x0000000081f00000|100%| O|  |TAMS 0x0000000081f00000, 0x0000000081e00000| Untracked 
|  31|0x0000000081f00000, 0x0000000082000000, 0x0000000082000000|100%| O|  |TAMS 0x0000000082000000, 0x0000000081f00000| Untracked 
|  32|0x0000000082000000, 0x0000000082100000, 0x0000000082100000|100%| O|  |TAMS 0x0000000082100000, 0x0000000082000000| Untracked 
|  33|0x0000000082100000, 0x0000000082200000, 0x0000000082200000|100%| O|  |TAMS 0x0000000082200000, 0x0000000082100000| Untracked 
|  34|0x0000000082200000, 0x0000000082300000, 0x0000000082300000|100%| O|  |TAMS 0x0000000082300000, 0x0000000082200000| Untracked 
|  35|0x0000000082300000, 0x0000000082400000, 0x0000000082400000|100%| O|  |TAMS 0x0000000082400000, 0x0000000082300000| Untracked 
|  36|0x0000000082400000, 0x0000000082500000, 0x0000000082500000|100%| O|  |TAMS 0x0000000082500000, 0x0000000082400000| Untracked 
|  37|0x0000000082500000, 0x0000000082600000, 0x0000000082600000|100%| O|  |TAMS 0x0000000082600000, 0x0000000082500000| Untracked 
|  38|0x0000000082600000, 0x0000000082700000, 0x0000000082700000|100%|HS|  |TAMS 0x0000000082700000, 0x0000000082600000| Complete 
|  39|0x0000000082700000, 0x0000000082800000, 0x0000000082800000|100%|HC|  |TAMS 0x0000000082800000, 0x0000000082700000| Complete 
|  40|0x0000000082800000, 0x0000000082900000, 0x0000000082900000|100%|HC|  |TAMS 0x0000000082900000, 0x0000000082800000| Complete 
|  41|0x0000000082900000, 0x0000000082a00000, 0x0000000082a00000|100%|HC|  |TAMS 0x0000000082a00000, 0x0000000082900000| Complete 
|  42|0x0000000082a00000, 0x0000000082b00000, 0x0000000082b00000|100%| O|  |TAMS 0x0000000082b00000, 0x0000000082a00000| Untracked 
|  43|0x0000000082b00000, 0x0000000082c00000, 0x0000000082c00000|100%| O|  |TAMS 0x0000000082c00000, 0x0000000082b00000| Untracked 
|  44|0x0000000082c00000, 0x0000000082d00000, 0x0000000082d00000|100%| O|  |TAMS 0x0000000082d00000, 0x0000000082c00000| Untracked 
|  45|0x0000000082d00000, 0x0000000082e00000, 0x0000000082e00000|100%| O|  |TAMS 0x0000000082e00000, 0x0000000082d00000| Untracked 
|  46|0x0000000082e00000, 0x0000000082f00000, 0x0000000082f00000|100%| O|  |TAMS 0x0000000082f00000, 0x0000000082e00000| Untracked 
|  47|0x0000000082f00000, 0x0000000083000000, 0x0000000083000000|100%| O|  |TAMS 0x0000000083000000, 0x0000000082f00000| Untracked 
|  48|0x0000000083000000, 0x0000000083100000, 0x0000000083100000|100%| O|  |TAMS 0x0000000083100000, 0x0000000083000000| Untracked 
|  49|0x0000000083100000, 0x0000000083200000, 0x0000000083200000|100%| O|  |TAMS 0x0000000083200000, 0x0000000083100000| Untracked 
|  50|0x0000000083200000, 0x0000000083300000, 0x0000000083300000|100%| O|  |TAMS 0x0000000083300000, 0x0000000083200000| Untracked 
|  51|0x0000000083300000, 0x0000000083400000, 0x0000000083400000|100%| O|  |TAMS 0x0000000083400000, 0x0000000083300000| Untracked 
|  52|0x0000000083400000, 0x0000000083500000, 0x0000000083500000|100%| O|  |TAMS 0x0000000083500000, 0x0000000083400000| Untracked 
|  53|0x0000000083500000, 0x0000000083600000, 0x0000000083600000|100%| O|  |TAMS 0x0000000083600000, 0x0000000083500000| Untracked 
|  54|0x0000000083600000, 0x0000000083700000, 0x0000000083700000|100%| O|  |TAMS 0x0000000083700000, 0x0000000083600000| Untracked 
|  55|0x0000000083700000, 0x0000000083800000, 0x0000000083800000|100%| O|  |TAMS 0x0000000083800000, 0x0000000083700000| Untracked 
|  56|0x0000000083800000, 0x0000000083900000, 0x0000000083900000|100%| O|  |TAMS 0x0000000083900000, 0x0000000083800000| Untracked 
|  57|0x0000000083900000, 0x0000000083a00000, 0x0000000083a00000|100%| O|  |TAMS 0x0000000083a00000, 0x0000000083900000| Untracked 
|  58|0x0000000083a00000, 0x0000000083b00000, 0x0000000083b00000|100%| O|  |TAMS 0x0000000083b00000, 0x0000000083a00000| Untracked 
|  59|0x0000000083b00000, 0x0000000083c00000, 0x0000000083c00000|100%| O|  |TAMS 0x0000000083c00000, 0x0000000083b00000| Untracked 
|  60|0x0000000083c00000, 0x0000000083d00000, 0x0000000083d00000|100%| O|  |TAMS 0x0000000083c00000, 0x0000000083c00000| Untracked 
|  61|0x0000000083d00000, 0x0000000083e00000, 0x0000000083e00000|100%| O|  |TAMS 0x0000000083e00000, 0x0000000083d00000| Untracked 
|  62|0x0000000083e00000, 0x0000000083f00000, 0x0000000083f00000|100%| O|  |TAMS 0x0000000083f00000, 0x0000000083e00000| Untracked 
|  63|0x0000000083f00000, 0x0000000084000000, 0x0000000084000000|100%| O|  |TAMS 0x0000000083f00000, 0x0000000083f00000| Untracked 
|  64|0x0000000084000000, 0x0000000084100000, 0x0000000084100000|100%| O|  |TAMS 0x0000000084000000, 0x0000000084000000| Untracked 
|  65|0x0000000084100000, 0x0000000084200000, 0x0000000084200000|100%| O|  |TAMS 0x0000000084100000, 0x0000000084100000| Untracked 
|  66|0x0000000084200000, 0x0000000084300000, 0x0000000084300000|100%| O|  |TAMS 0x0000000084200000, 0x0000000084200000| Untracked 
|  67|0x0000000084300000, 0x0000000084400000, 0x0000000084400000|100%| O|  |TAMS 0x0000000084300000, 0x0000000084300000| Untracked 
|  68|0x0000000084400000, 0x0000000084500000, 0x0000000084500000|100%| O|  |TAMS 0x0000000084400000, 0x0000000084400000| Untracked 
|  69|0x0000000084500000, 0x0000000084600000, 0x0000000084600000|100%| O|  |TAMS 0x0000000084500000, 0x0000000084500000| Untracked 
|  70|0x0000000084600000, 0x0000000084700000, 0x0000000084700000|100%| O|  |TAMS 0x0000000084600000, 0x0000000084600000| Untracked 
|  71|0x0000000084700000, 0x0000000084800000, 0x0000000084800000|100%| O|  |TAMS 0x0000000084800000, 0x0000000084700000| Untracked 
|  72|0x0000000084800000, 0x0000000084900000, 0x0000000084900000|100%| O|  |TAMS 0x0000000084900000, 0x0000000084800000| Untracked 
|  73|0x0000000084900000, 0x0000000084a00000, 0x0000000084a00000|100%| O|  |TAMS 0x0000000084a00000, 0x0000000084900000| Untracked 
|  74|0x0000000084a00000, 0x0000000084b00000, 0x0000000084b00000|100%| O|  |TAMS 0x0000000084b00000, 0x0000000084a00000| Untracked 
|  75|0x0000000084b00000, 0x0000000084c00000, 0x0000000084c00000|100%| O|  |TAMS 0x0000000084c00000, 0x0000000084b00000| Untracked 
|  76|0x0000000084c00000, 0x0000000084d00000, 0x0000000084d00000|100%| O|  |TAMS 0x0000000084d00000, 0x0000000084c00000| Untracked 
|  77|0x0000000084d00000, 0x0000000084e00000, 0x0000000084e00000|100%| O|  |TAMS 0x0000000084e00000, 0x0000000084d00000| Untracked 
|  78|0x0000000084e00000, 0x0000000084f00000, 0x0000000084f00000|100%| O|  |TAMS 0x0000000084f00000, 0x0000000084e00000| Untracked 
|  79|0x0000000084f00000, 0x0000000085000000, 0x0000000085000000|100%| O|  |TAMS 0x0000000085000000, 0x0000000084f00000| Untracked 
|  80|0x0000000085000000, 0x0000000085100000, 0x0000000085100000|100%| O|  |TAMS 0x0000000085100000, 0x0000000085000000| Untracked 
|  81|0x0000000085100000, 0x0000000085200000, 0x0000000085200000|100%| O|  |TAMS 0x0000000085200000, 0x0000000085100000| Untracked 
|  82|0x0000000085200000, 0x0000000085300000, 0x0000000085300000|100%| O|  |TAMS 0x0000000085300000, 0x0000000085200000| Untracked 
|  83|0x0000000085300000, 0x000000008530f600, 0x0000000085400000|  6%| O|  |TAMS 0x0000000085300000, 0x0000000085300000| Untracked 
|  84|0x0000000085400000, 0x0000000085400000, 0x0000000085500000|  0%| F|  |TAMS 0x0000000085400000, 0x0000000085400000| Untracked 
|  85|0x0000000085500000, 0x0000000085600000, 0x0000000085600000|100%| O|  |TAMS 0x00000000855e4e00, 0x0000000085500000| Untracked 
|  86|0x0000000085600000, 0x0000000085700000, 0x0000000085700000|100%|HS|  |TAMS 0x0000000085700000, 0x0000000085600000| Complete 
|  87|0x0000000085700000, 0x0000000085800000, 0x0000000085800000|100%|HC|  |TAMS 0x0000000085800000, 0x0000000085700000| Complete 
|  88|0x0000000085800000, 0x0000000085900000, 0x0000000085900000|100%|HS|  |TAMS 0x0000000085900000, 0x0000000085800000| Complete 
|  89|0x0000000085900000, 0x0000000085a00000, 0x0000000085a00000|100%|HC|  |TAMS 0x0000000085a00000, 0x0000000085900000| Complete 
|  90|0x0000000085a00000, 0x0000000085b00000, 0x0000000085b00000|100%|HC|  |TAMS 0x0000000085b00000, 0x0000000085a00000| Complete 
|  91|0x0000000085b00000, 0x0000000085c00000, 0x0000000085c00000|100%|HC|  |TAMS 0x0000000085c00000, 0x0000000085b00000| Complete 
|  92|0x0000000085c00000, 0x0000000085d00000, 0x0000000085d00000|100%| O|  |TAMS 0x0000000085c00000, 0x0000000085c00000| Untracked 
|  93|0x0000000085d00000, 0x0000000085e00000, 0x0000000085e00000|100%| O|  |TAMS 0x0000000085d00000, 0x0000000085d00000| Untracked 
|  94|0x0000000085e00000, 0x0000000085f00000, 0x0000000085f00000|100%| O|  |TAMS 0x0000000085e00000, 0x0000000085e00000| Untracked 
|  95|0x0000000085f00000, 0x0000000086000000, 0x0000000086000000|100%| O|  |TAMS 0x0000000085f00000, 0x0000000085f00000| Untracked 
|  96|0x0000000086000000, 0x0000000086100000, 0x0000000086100000|100%| O|  |TAMS 0x0000000086000000, 0x0000000086000000| Untracked 
|  97|0x0000000086100000, 0x0000000086200000, 0x0000000086200000|100%| O|  |TAMS 0x0000000086100000, 0x0000000086100000| Untracked 
|  98|0x0000000086200000, 0x0000000086300000, 0x0000000086300000|100%| O|  |TAMS 0x0000000086200000, 0x0000000086200000| Untracked 
|  99|0x0000000086300000, 0x0000000086400000, 0x0000000086400000|100%| O|  |TAMS 0x0000000086300000, 0x0000000086300000| Untracked 
| 100|0x0000000086400000, 0x0000000086500000, 0x0000000086500000|100%| O|  |TAMS 0x0000000086400000, 0x0000000086400000| Untracked 
| 101|0x0000000086500000, 0x0000000086600000, 0x0000000086600000|100%| O|  |TAMS 0x0000000086500000, 0x0000000086500000| Untracked 
| 102|0x0000000086600000, 0x0000000086700000, 0x0000000086700000|100%| O|  |TAMS 0x0000000086600000, 0x0000000086600000| Untracked 
| 103|0x0000000086700000, 0x0000000086800000, 0x0000000086800000|100%| O|  |TAMS 0x0000000086700000, 0x0000000086700000| Untracked 
| 104|0x0000000086800000, 0x0000000086900000, 0x0000000086900000|100%| O|  |TAMS 0x0000000086800000, 0x0000000086800000| Untracked 
| 105|0x0000000086900000, 0x0000000086a00000, 0x0000000086a00000|100%| O|  |TAMS 0x0000000086900000, 0x0000000086900000| Untracked 
| 106|0x0000000086a00000, 0x0000000086b00000, 0x0000000086b00000|100%| O|  |TAMS 0x0000000086a00000, 0x0000000086a00000| Untracked 
| 107|0x0000000086b00000, 0x0000000086c00000, 0x0000000086c00000|100%| O|  |TAMS 0x0000000086b00000, 0x0000000086b00000| Untracked 
| 108|0x0000000086c00000, 0x0000000086d00000, 0x0000000086d00000|100%| O|  |TAMS 0x0000000086c00000, 0x0000000086c00000| Untracked 
| 109|0x0000000086d00000, 0x0000000086e00000, 0x0000000086e00000|100%| O|  |TAMS 0x0000000086d00000, 0x0000000086d00000| Untracked 
| 110|0x0000000086e00000, 0x0000000086f00000, 0x0000000086f00000|100%| O|  |TAMS 0x0000000086e00000, 0x0000000086e00000| Untracked 
| 111|0x0000000086f00000, 0x0000000087000000, 0x0000000087000000|100%| O|  |TAMS 0x0000000086f00000, 0x0000000086f00000| Untracked 
| 112|0x0000000087000000, 0x0000000087100000, 0x0000000087100000|100%| O|  |TAMS 0x0000000087000000, 0x0000000087000000| Untracked 
| 113|0x0000000087100000, 0x0000000087200000, 0x0000000087200000|100%| O|  |TAMS 0x0000000087100000, 0x0000000087100000| Untracked 
| 114|0x0000000087200000, 0x0000000087300000, 0x0000000087300000|100%| O|  |TAMS 0x0000000087200000, 0x0000000087200000| Untracked 
| 115|0x0000000087300000, 0x0000000087400000, 0x0000000087400000|100%| O|  |TAMS 0x0000000087300000, 0x0000000087300000| Untracked 
| 116|0x0000000087400000, 0x0000000087500000, 0x0000000087500000|100%| O|  |TAMS 0x0000000087400000, 0x0000000087400000| Untracked 
| 117|0x0000000087500000, 0x0000000087600000, 0x0000000087600000|100%| O|  |TAMS 0x0000000087500000, 0x0000000087500000| Untracked 
| 118|0x0000000087600000, 0x0000000087700000, 0x0000000087700000|100%| O|  |TAMS 0x0000000087600000, 0x0000000087600000| Untracked 
| 119|0x0000000087700000, 0x0000000087700000, 0x0000000087800000|  0%| F|  |TAMS 0x0000000087700000, 0x0000000087700000| Untracked 
| 120|0x0000000087800000, 0x0000000087800000, 0x0000000087900000|  0%| F|  |TAMS 0x0000000087800000, 0x0000000087800000| Untracked 
| 121|0x0000000087900000, 0x0000000087900000, 0x0000000087a00000|  0%| F|  |TAMS 0x0000000087900000, 0x0000000087900000| Untracked 
| 122|0x0000000087a00000, 0x0000000087a00000, 0x0000000087b00000|  0%| F|  |TAMS 0x0000000087a00000, 0x0000000087a00000| Untracked 
| 123|0x0000000087b00000, 0x0000000087b00000, 0x0000000087c00000|  0%| F|  |TAMS 0x0000000087b00000, 0x0000000087b00000| Untracked 
| 124|0x0000000087c00000, 0x0000000087c00000, 0x0000000087d00000|  0%| F|  |TAMS 0x0000000087c00000, 0x0000000087c00000| Untracked 
| 125|0x0000000087d00000, 0x0000000087d00000, 0x0000000087e00000|  0%| F|  |TAMS 0x0000000087d00000, 0x0000000087d00000| Untracked 
| 126|0x0000000087e00000, 0x0000000087e00000, 0x0000000087f00000|  0%| F|  |TAMS 0x0000000087e00000, 0x0000000087e00000| Untracked 
| 127|0x0000000087f00000, 0x0000000087f00000, 0x0000000088000000|  0%| F|  |TAMS 0x0000000087f00000, 0x0000000087f00000| Untracked 
| 128|0x0000000088000000, 0x0000000088000000, 0x0000000088100000|  0%| F|  |TAMS 0x0000000088000000, 0x0000000088000000| Untracked 
| 129|0x0000000088100000, 0x0000000088100000, 0x0000000088200000|  0%| F|  |TAMS 0x0000000088100000, 0x0000000088100000| Untracked 
| 130|0x0000000088200000, 0x0000000088200000, 0x0000000088300000|  0%| F|  |TAMS 0x0000000088200000, 0x0000000088200000| Untracked 
| 131|0x0000000088300000, 0x0000000088300000, 0x0000000088400000|  0%| F|  |TAMS 0x0000000088300000, 0x0000000088300000| Untracked 
| 132|0x0000000088400000, 0x0000000088400000, 0x0000000088500000|  0%| F|  |TAMS 0x0000000088400000, 0x0000000088400000| Untracked 
| 133|0x0000000088500000, 0x0000000088500000, 0x0000000088600000|  0%| F|  |TAMS 0x0000000088500000, 0x0000000088500000| Untracked 
| 134|0x0000000088600000, 0x0000000088600000, 0x0000000088700000|  0%| F|  |TAMS 0x0000000088600000, 0x0000000088600000| Untracked 
| 135|0x0000000088700000, 0x0000000088700000, 0x0000000088800000|  0%| F|  |TAMS 0x0000000088700000, 0x0000000088700000| Untracked 
| 136|0x0000000088800000, 0x0000000088800000, 0x0000000088900000|  0%| F|  |TAMS 0x0000000088800000, 0x0000000088800000| Untracked 
| 137|0x0000000088900000, 0x0000000088900000, 0x0000000088a00000|  0%| F|  |TAMS 0x0000000088900000, 0x0000000088900000| Untracked 
| 138|0x0000000088a00000, 0x0000000088a00000, 0x0000000088b00000|  0%| F|  |TAMS 0x0000000088a00000, 0x0000000088a00000| Untracked 
| 139|0x0000000088b00000, 0x0000000088b00000, 0x0000000088c00000|  0%| F|  |TAMS 0x0000000088b00000, 0x0000000088b00000| Untracked 
| 140|0x0000000088c00000, 0x0000000088c00000, 0x0000000088d00000|  0%| F|  |TAMS 0x0000000088c00000, 0x0000000088c00000| Untracked 
| 141|0x0000000088d00000, 0x0000000088d00000, 0x0000000088e00000|  0%| F|  |TAMS 0x0000000088d00000, 0x0000000088d00000| Untracked 
| 142|0x0000000088e00000, 0x0000000088e00000, 0x0000000088f00000|  0%| F|  |TAMS 0x0000000088e00000, 0x0000000088e00000| Untracked 
| 143|0x0000000088f00000, 0x0000000088f00000, 0x0000000089000000|  0%| F|  |TAMS 0x0000000088f00000, 0x0000000088f00000| Untracked 
| 144|0x0000000089000000, 0x0000000089000000, 0x0000000089100000|  0%| F|  |TAMS 0x0000000089000000, 0x0000000089000000| Untracked 
| 145|0x0000000089100000, 0x0000000089100000, 0x0000000089200000|  0%| F|  |TAMS 0x0000000089100000, 0x0000000089100000| Untracked 
| 146|0x0000000089200000, 0x0000000089200000, 0x0000000089300000|  0%| F|  |TAMS 0x0000000089200000, 0x0000000089200000| Untracked 
| 147|0x0000000089300000, 0x0000000089300000, 0x0000000089400000|  0%| F|  |TAMS 0x0000000089300000, 0x0000000089300000| Untracked 
| 148|0x0000000089400000, 0x0000000089400000, 0x0000000089500000|  0%| F|  |TAMS 0x0000000089400000, 0x0000000089400000| Untracked 
| 149|0x0000000089500000, 0x0000000089500000, 0x0000000089600000|  0%| F|  |TAMS 0x0000000089500000, 0x0000000089500000| Untracked 
| 150|0x0000000089600000, 0x0000000089600000, 0x0000000089700000|  0%| F|  |TAMS 0x0000000089600000, 0x0000000089600000| Untracked 
| 151|0x0000000089700000, 0x0000000089700000, 0x0000000089800000|  0%| F|  |TAMS 0x0000000089700000, 0x0000000089700000| Untracked 
| 152|0x0000000089800000, 0x0000000089800000, 0x0000000089900000|  0%| F|  |TAMS 0x0000000089800000, 0x0000000089800000| Untracked 
| 153|0x0000000089900000, 0x0000000089900000, 0x0000000089a00000|  0%| F|  |TAMS 0x0000000089900000, 0x0000000089900000| Untracked 
| 154|0x0000000089a00000, 0x0000000089a00000, 0x0000000089b00000|  0%| F|  |TAMS 0x0000000089a00000, 0x0000000089a00000| Untracked 
| 155|0x0000000089b00000, 0x0000000089b00000, 0x0000000089c00000|  0%| F|  |TAMS 0x0000000089b00000, 0x0000000089b00000| Untracked 
| 156|0x0000000089c00000, 0x0000000089c00000, 0x0000000089d00000|  0%| F|  |TAMS 0x0000000089c00000, 0x0000000089c00000| Untracked 
| 157|0x0000000089d00000, 0x0000000089d00000, 0x0000000089e00000|  0%| F|  |TAMS 0x0000000089d00000, 0x0000000089d00000| Untracked 
| 158|0x0000000089e00000, 0x0000000089e00000, 0x0000000089f00000|  0%| F|  |TAMS 0x0000000089e00000, 0x0000000089e00000| Untracked 
| 159|0x0000000089f00000, 0x0000000089f00000, 0x000000008a000000|  0%| F|  |TAMS 0x0000000089f00000, 0x0000000089f00000| Untracked 
| 160|0x000000008a000000, 0x000000008a000000, 0x000000008a100000|  0%| F|  |TAMS 0x000000008a000000, 0x000000008a000000| Untracked 
| 161|0x000000008a100000, 0x000000008a100000, 0x000000008a200000|  0%| F|  |TAMS 0x000000008a100000, 0x000000008a100000| Untracked 
| 162|0x000000008a200000, 0x000000008a2a7ad8, 0x000000008a300000| 65%| S|CS|TAMS 0x000000008a200000, 0x000000008a200000| Complete 
| 163|0x000000008a300000, 0x000000008a400000, 0x000000008a400000|100%| S|CS|TAMS 0x000000008a300000, 0x000000008a300000| Complete 
| 164|0x000000008a400000, 0x000000008a500000, 0x000000008a500000|100%| S|CS|TAMS 0x000000008a400000, 0x000000008a400000| Complete 
| 165|0x000000008a500000, 0x000000008a600000, 0x000000008a600000|100%| S|CS|TAMS 0x000000008a500000, 0x000000008a500000| Complete 
| 166|0x000000008a600000, 0x000000008a700000, 0x000000008a700000|100%| S|CS|TAMS 0x000000008a600000, 0x000000008a600000| Complete 
| 167|0x000000008a700000, 0x000000008a800000, 0x000000008a800000|100%| S|CS|TAMS 0x000000008a700000, 0x000000008a700000| Complete 
| 168|0x000000008a800000, 0x000000008a900000, 0x000000008a900000|100%| S|CS|TAMS 0x000000008a800000, 0x000000008a800000| Complete 
| 169|0x000000008a900000, 0x000000008aa00000, 0x000000008aa00000|100%| S|CS|TAMS 0x000000008a900000, 0x000000008a900000| Complete 
| 170|0x000000008aa00000, 0x000000008ab00000, 0x000000008ab00000|100%| S|CS|TAMS 0x000000008aa00000, 0x000000008aa00000| Complete 
| 171|0x000000008ab00000, 0x000000008ab00000, 0x000000008ac00000|  0%| F|  |TAMS 0x000000008ab00000, 0x000000008ab00000| Untracked 
| 172|0x000000008ac00000, 0x000000008ac00000, 0x000000008ad00000|  0%| F|  |TAMS 0x000000008ac00000, 0x000000008ac00000| Untracked 
| 173|0x000000008ad00000, 0x000000008ad00000, 0x000000008ae00000|  0%| F|  |TAMS 0x000000008ad00000, 0x000000008ad00000| Untracked 
| 174|0x000000008ae00000, 0x000000008ae00000, 0x000000008af00000|  0%| F|  |TAMS 0x000000008ae00000, 0x000000008ae00000| Untracked 
| 175|0x000000008af00000, 0x000000008af00000, 0x000000008b000000|  0%| F|  |TAMS 0x000000008af00000, 0x000000008af00000| Untracked 
| 176|0x000000008b000000, 0x000000008b000000, 0x000000008b100000|  0%| F|  |TAMS 0x000000008b000000, 0x000000008b000000| Untracked 
| 177|0x000000008b100000, 0x000000008b100000, 0x000000008b200000|  0%| F|  |TAMS 0x000000008b100000, 0x000000008b100000| Untracked 
| 178|0x000000008b200000, 0x000000008b200000, 0x000000008b300000|  0%| F|  |TAMS 0x000000008b200000, 0x000000008b200000| Untracked 
| 179|0x000000008b300000, 0x000000008b300000, 0x000000008b400000|  0%| F|  |TAMS 0x000000008b300000, 0x000000008b300000| Untracked 
| 180|0x000000008b400000, 0x000000008b400000, 0x000000008b500000|  0%| F|  |TAMS 0x000000008b400000, 0x000000008b400000| Untracked 
| 181|0x000000008b500000, 0x000000008b600000, 0x000000008b600000|100%| S|CS|TAMS 0x000000008b500000, 0x000000008b500000| Complete 
| 182|0x000000008b600000, 0x000000008b600000, 0x000000008b700000|  0%| F|  |TAMS 0x000000008b600000, 0x000000008b600000| Untracked 
| 183|0x000000008b700000, 0x000000008b700000, 0x000000008b800000|  0%| F|  |TAMS 0x000000008b700000, 0x000000008b700000| Untracked 
| 184|0x000000008b800000, 0x000000008b800000, 0x000000008b900000|  0%| F|  |TAMS 0x000000008b800000, 0x000000008b800000| Untracked 
| 185|0x000000008b900000, 0x000000008b900000, 0x000000008ba00000|  0%| F|  |TAMS 0x000000008b900000, 0x000000008b900000| Untracked 
| 186|0x000000008ba00000, 0x000000008ba00000, 0x000000008bb00000|  0%| F|  |TAMS 0x000000008ba00000, 0x000000008ba00000| Untracked 
| 187|0x000000008bb00000, 0x000000008bb00000, 0x000000008bc00000|  0%| F|  |TAMS 0x000000008bb00000, 0x000000008bb00000| Untracked 
| 188|0x000000008bc00000, 0x000000008bc00000, 0x000000008bd00000|  0%| F|  |TAMS 0x000000008bc00000, 0x000000008bc00000| Untracked 
| 189|0x000000008bd00000, 0x000000008bd00000, 0x000000008be00000|  0%| F|  |TAMS 0x000000008bd00000, 0x000000008bd00000| Untracked 
| 190|0x000000008be00000, 0x000000008be00000, 0x000000008bf00000|  0%| F|  |TAMS 0x000000008be00000, 0x000000008be00000| Untracked 
| 191|0x000000008bf00000, 0x000000008bf00000, 0x000000008c000000|  0%| F|  |TAMS 0x000000008bf00000, 0x000000008bf00000| Untracked 
| 192|0x000000008c000000, 0x000000008c000000, 0x000000008c100000|  0%| F|  |TAMS 0x000000008c000000, 0x000000008c000000| Untracked 
| 193|0x000000008c100000, 0x000000008c100000, 0x000000008c200000|  0%| F|  |TAMS 0x000000008c100000, 0x000000008c100000| Untracked 
| 194|0x000000008c200000, 0x000000008c200000, 0x000000008c300000|  0%| F|  |TAMS 0x000000008c200000, 0x000000008c200000| Untracked 
| 195|0x000000008c300000, 0x000000008c300000, 0x000000008c400000|  0%| F|  |TAMS 0x000000008c300000, 0x000000008c300000| Untracked 
| 196|0x000000008c400000, 0x000000008c400000, 0x000000008c500000|  0%| F|  |TAMS 0x000000008c400000, 0x000000008c400000| Untracked 
| 197|0x000000008c500000, 0x000000008c500000, 0x000000008c600000|  0%| F|  |TAMS 0x000000008c500000, 0x000000008c500000| Untracked 
| 198|0x000000008c600000, 0x000000008c600000, 0x000000008c700000|  0%| F|  |TAMS 0x000000008c600000, 0x000000008c600000| Untracked 
| 199|0x000000008c700000, 0x000000008c700000, 0x000000008c800000|  0%| F|  |TAMS 0x000000008c700000, 0x000000008c700000| Untracked 
| 200|0x000000008c800000, 0x000000008c800000, 0x000000008c900000|  0%| F|  |TAMS 0x000000008c800000, 0x000000008c800000| Untracked 
| 201|0x000000008c900000, 0x000000008c900000, 0x000000008ca00000|  0%| F|  |TAMS 0x000000008c900000, 0x000000008c900000| Untracked 
| 202|0x000000008ca00000, 0x000000008ca00000, 0x000000008cb00000|  0%| F|  |TAMS 0x000000008ca00000, 0x000000008ca00000| Untracked 
| 203|0x000000008cb00000, 0x000000008cb00000, 0x000000008cc00000|  0%| F|  |TAMS 0x000000008cb00000, 0x000000008cb00000| Untracked 
| 204|0x000000008cc00000, 0x000000008cc00000, 0x000000008cd00000|  0%| F|  |TAMS 0x000000008cc00000, 0x000000008cc00000| Untracked 
| 205|0x000000008cd00000, 0x000000008cd00000, 0x000000008ce00000|  0%| F|  |TAMS 0x000000008cd00000, 0x000000008cd00000| Untracked 
| 206|0x000000008ce00000, 0x000000008ce00000, 0x000000008cf00000|  0%| F|  |TAMS 0x000000008ce00000, 0x000000008ce00000| Untracked 
| 207|0x000000008cf00000, 0x000000008cf00000, 0x000000008d000000|  0%| F|  |TAMS 0x000000008cf00000, 0x000000008cf00000| Untracked 
| 208|0x000000008d000000, 0x000000008d000000, 0x000000008d100000|  0%| F|  |TAMS 0x000000008d000000, 0x000000008d000000| Untracked 
| 209|0x000000008d100000, 0x000000008d100000, 0x000000008d200000|  0%| F|  |TAMS 0x000000008d100000, 0x000000008d100000| Untracked 
| 210|0x000000008d200000, 0x000000008d200000, 0x000000008d300000|  0%| F|  |TAMS 0x000000008d200000, 0x000000008d200000| Untracked 
| 211|0x000000008d300000, 0x000000008d300000, 0x000000008d400000|  0%| F|  |TAMS 0x000000008d300000, 0x000000008d300000| Untracked 
| 212|0x000000008d400000, 0x000000008d400000, 0x000000008d500000|  0%| F|  |TAMS 0x000000008d400000, 0x000000008d400000| Untracked 
| 213|0x000000008d500000, 0x000000008d500000, 0x000000008d600000|  0%| F|  |TAMS 0x000000008d500000, 0x000000008d500000| Untracked 
| 214|0x000000008d600000, 0x000000008d600000, 0x000000008d700000|  0%| F|  |TAMS 0x000000008d600000, 0x000000008d600000| Untracked 
| 215|0x000000008d700000, 0x000000008d700000, 0x000000008d800000|  0%| F|  |TAMS 0x000000008d700000, 0x000000008d700000| Untracked 
| 216|0x000000008d800000, 0x000000008d800000, 0x000000008d900000|  0%| F|  |TAMS 0x000000008d800000, 0x000000008d800000| Untracked 
| 217|0x000000008d900000, 0x000000008d900000, 0x000000008da00000|  0%| F|  |TAMS 0x000000008d900000, 0x000000008d900000| Untracked 
| 218|0x000000008da00000, 0x000000008da00000, 0x000000008db00000|  0%| F|  |TAMS 0x000000008da00000, 0x000000008da00000| Untracked 
| 219|0x000000008db00000, 0x000000008db00000, 0x000000008dc00000|  0%| F|  |TAMS 0x000000008db00000, 0x000000008db00000| Untracked 
| 220|0x000000008dc00000, 0x000000008dc00000, 0x000000008dd00000|  0%| F|  |TAMS 0x000000008dc00000, 0x000000008dc00000| Untracked 
| 221|0x000000008dd00000, 0x000000008dd00000, 0x000000008de00000|  0%| F|  |TAMS 0x000000008dd00000, 0x000000008dd00000| Untracked 
| 222|0x000000008de00000, 0x000000008de00000, 0x000000008df00000|  0%| F|  |TAMS 0x000000008de00000, 0x000000008de00000| Untracked 
| 223|0x000000008df00000, 0x000000008df00000, 0x000000008e000000|  0%| F|  |TAMS 0x000000008df00000, 0x000000008df00000| Untracked 
| 224|0x000000008e000000, 0x000000008e000000, 0x000000008e100000|  0%| F|  |TAMS 0x000000008e000000, 0x000000008e000000| Untracked 
| 225|0x000000008e100000, 0x000000008e100000, 0x000000008e200000|  0%| F|  |TAMS 0x000000008e100000, 0x000000008e100000| Untracked 
| 226|0x000000008e200000, 0x000000008e200000, 0x000000008e300000|  0%| F|  |TAMS 0x000000008e200000, 0x000000008e200000| Untracked 
| 227|0x000000008e300000, 0x000000008e300000, 0x000000008e400000|  0%| F|  |TAMS 0x000000008e300000, 0x000000008e300000| Untracked 
| 228|0x000000008e400000, 0x000000008e400000, 0x000000008e500000|  0%| F|  |TAMS 0x000000008e400000, 0x000000008e400000| Untracked 
| 229|0x000000008e500000, 0x000000008e500000, 0x000000008e600000|  0%| F|  |TAMS 0x000000008e500000, 0x000000008e500000| Untracked 
| 230|0x000000008e600000, 0x000000008e600000, 0x000000008e700000|  0%| F|  |TAMS 0x000000008e600000, 0x000000008e600000| Untracked 
| 231|0x000000008e700000, 0x000000008e700000, 0x000000008e800000|  0%| F|  |TAMS 0x000000008e700000, 0x000000008e700000| Untracked 
| 232|0x000000008e800000, 0x000000008e800000, 0x000000008e900000|  0%| F|  |TAMS 0x000000008e800000, 0x000000008e800000| Untracked 
| 233|0x000000008e900000, 0x000000008e900000, 0x000000008ea00000|  0%| F|  |TAMS 0x000000008e900000, 0x000000008e900000| Untracked 
| 234|0x000000008ea00000, 0x000000008ea00000, 0x000000008eb00000|  0%| F|  |TAMS 0x000000008ea00000, 0x000000008ea00000| Untracked 
| 235|0x000000008eb00000, 0x000000008eb00000, 0x000000008ec00000|  0%| F|  |TAMS 0x000000008eb00000, 0x000000008eb00000| Untracked 
| 236|0x000000008ec00000, 0x000000008ec00000, 0x000000008ed00000|  0%| F|  |TAMS 0x000000008ec00000, 0x000000008ec00000| Untracked 
| 237|0x000000008ed00000, 0x000000008ed00000, 0x000000008ee00000|  0%| F|  |TAMS 0x000000008ed00000, 0x000000008ed00000| Untracked 
| 238|0x000000008ee00000, 0x000000008ee00000, 0x000000008ef00000|  0%| F|  |TAMS 0x000000008ee00000, 0x000000008ee00000| Untracked 
| 239|0x000000008ef00000, 0x000000008ef00000, 0x000000008f000000|  0%| F|  |TAMS 0x000000008ef00000, 0x000000008ef00000| Untracked 
| 240|0x000000008f000000, 0x000000008f000000, 0x000000008f100000|  0%| F|  |TAMS 0x000000008f000000, 0x000000008f000000| Untracked 
| 241|0x000000008f100000, 0x000000008f100000, 0x000000008f200000|  0%| F|  |TAMS 0x000000008f100000, 0x000000008f100000| Untracked 
| 242|0x000000008f200000, 0x000000008f200000, 0x000000008f300000|  0%| F|  |TAMS 0x000000008f200000, 0x000000008f200000| Untracked 
| 243|0x000000008f300000, 0x000000008f300000, 0x000000008f400000|  0%| F|  |TAMS 0x000000008f300000, 0x000000008f300000| Untracked 
| 244|0x000000008f400000, 0x000000008f400000, 0x000000008f500000|  0%| F|  |TAMS 0x000000008f400000, 0x000000008f400000| Untracked 
| 245|0x000000008f500000, 0x000000008f500000, 0x000000008f600000|  0%| F|  |TAMS 0x000000008f500000, 0x000000008f500000| Untracked 
| 246|0x000000008f600000, 0x000000008f600000, 0x000000008f700000|  0%| F|  |TAMS 0x000000008f600000, 0x000000008f600000| Untracked 
| 247|0x000000008f700000, 0x000000008f700000, 0x000000008f800000|  0%| F|  |TAMS 0x000000008f700000, 0x000000008f700000| Untracked 
| 248|0x000000008f800000, 0x000000008f800000, 0x000000008f900000|  0%| F|  |TAMS 0x000000008f800000, 0x000000008f800000| Untracked 
| 249|0x000000008f900000, 0x000000008f900000, 0x000000008fa00000|  0%| F|  |TAMS 0x000000008f900000, 0x000000008f900000| Untracked 
| 250|0x000000008fa00000, 0x000000008fa00000, 0x000000008fb00000|  0%| F|  |TAMS 0x000000008fa00000, 0x000000008fa00000| Untracked 
| 251|0x000000008fb00000, 0x000000008fb00000, 0x000000008fc00000|  0%| F|  |TAMS 0x000000008fb00000, 0x000000008fb00000| Untracked 
| 252|0x000000008fc00000, 0x000000008fc00000, 0x000000008fd00000|  0%| F|  |TAMS 0x000000008fc00000, 0x000000008fc00000| Untracked 
| 253|0x000000008fd00000, 0x000000008fd00000, 0x000000008fe00000|  0%| F|  |TAMS 0x000000008fd00000, 0x000000008fd00000| Untracked 
| 254|0x000000008fe00000, 0x000000008fe00000, 0x000000008ff00000|  0%| F|  |TAMS 0x000000008fe00000, 0x000000008fe00000| Untracked 
| 255|0x000000008ff00000, 0x000000008ff00000, 0x0000000090000000|  0%| F|  |TAMS 0x000000008ff00000, 0x000000008ff00000| Untracked 
| 256|0x0000000090000000, 0x0000000090000000, 0x0000000090100000|  0%| F|  |TAMS 0x0000000090000000, 0x0000000090000000| Untracked 
| 257|0x0000000090100000, 0x0000000090100000, 0x0000000090200000|  0%| F|  |TAMS 0x0000000090100000, 0x0000000090100000| Untracked 
| 258|0x0000000090200000, 0x0000000090200000, 0x0000000090300000|  0%| F|  |TAMS 0x0000000090200000, 0x0000000090200000| Untracked 
| 259|0x0000000090300000, 0x0000000090300000, 0x0000000090400000|  0%| F|  |TAMS 0x0000000090300000, 0x0000000090300000| Untracked 
| 260|0x0000000090400000, 0x0000000090400000, 0x0000000090500000|  0%| F|  |TAMS 0x0000000090400000, 0x0000000090400000| Untracked 
| 261|0x0000000090500000, 0x0000000090500000, 0x0000000090600000|  0%| F|  |TAMS 0x0000000090500000, 0x0000000090500000| Untracked 
| 262|0x0000000090600000, 0x0000000090600000, 0x0000000090700000|  0%| F|  |TAMS 0x0000000090600000, 0x0000000090600000| Untracked 
| 263|0x0000000090700000, 0x0000000090700000, 0x0000000090800000|  0%| F|  |TAMS 0x0000000090700000, 0x0000000090700000| Untracked 
| 264|0x0000000090800000, 0x0000000090800000, 0x0000000090900000|  0%| F|  |TAMS 0x0000000090800000, 0x0000000090800000| Untracked 
| 265|0x0000000090900000, 0x0000000090900000, 0x0000000090a00000|  0%| F|  |TAMS 0x0000000090900000, 0x0000000090900000| Untracked 
| 266|0x0000000090a00000, 0x0000000090a00000, 0x0000000090b00000|  0%| F|  |TAMS 0x0000000090a00000, 0x0000000090a00000| Untracked 
| 267|0x0000000090b00000, 0x0000000090b00000, 0x0000000090c00000|  0%| F|  |TAMS 0x0000000090b00000, 0x0000000090b00000| Untracked 
| 268|0x0000000090c00000, 0x0000000090c00000, 0x0000000090d00000|  0%| F|  |TAMS 0x0000000090c00000, 0x0000000090c00000| Untracked 
| 269|0x0000000090d00000, 0x0000000090d00000, 0x0000000090e00000|  0%| F|  |TAMS 0x0000000090d00000, 0x0000000090d00000| Untracked 
| 270|0x0000000090e00000, 0x0000000090e00000, 0x0000000090f00000|  0%| F|  |TAMS 0x0000000090e00000, 0x0000000090e00000| Untracked 
| 271|0x0000000090f00000, 0x0000000090f00000, 0x0000000091000000|  0%| F|  |TAMS 0x0000000090f00000, 0x0000000090f00000| Untracked 
| 272|0x0000000091000000, 0x00000000910bc3d8, 0x0000000091100000| 73%| E|  |TAMS 0x0000000091000000, 0x0000000091000000| Complete 
| 273|0x0000000091100000, 0x0000000091200000, 0x0000000091200000|100%| E|CS|TAMS 0x0000000091100000, 0x0000000091100000| Complete 
| 274|0x0000000091200000, 0x0000000091300000, 0x0000000091300000|100%| E|CS|TAMS 0x0000000091200000, 0x0000000091200000| Complete 
| 275|0x0000000091300000, 0x0000000091400000, 0x0000000091400000|100%| E|CS|TAMS 0x0000000091300000, 0x0000000091300000| Complete 
| 276|0x0000000091400000, 0x0000000091500000, 0x0000000091500000|100%| E|CS|TAMS 0x0000000091400000, 0x0000000091400000| Complete 
| 277|0x0000000091500000, 0x0000000091600000, 0x0000000091600000|100%| E|  |TAMS 0x0000000091500000, 0x0000000091500000| Complete 
| 410|0x0000000099a00000, 0x0000000099b00000, 0x0000000099b00000|100%| E|CS|TAMS 0x0000000099a00000, 0x0000000099a00000| Complete 
| 509|0x000000009fd00000, 0x000000009fe00000, 0x000000009fe00000|100%| E|CS|TAMS 0x000000009fd00000, 0x000000009fd00000| Complete 

Card table byte_map: [0x00000277c3ed0000,0x00000277c42d0000] _byte_map_base: 0x00000277c3ad0000

Marking Bits (Prev, Next): (CMBitMap*) 0x00000277aace3620, (CMBitMap*) 0x00000277aace35e0
 Prev Bits: [0x00000277c66d0000, 0x00000277c86d0000)
 Next Bits: [0x00000277c46d0000, 0x00000277c66d0000)

Polling page: 0x00000277aad50000

Metaspace:

Usage:
  Non-class:    109.40 MB used.
      Class:     16.20 MB used.
       Both:    125.61 MB used.

Virtual space:
  Non-class space:      128.00 MB reserved,     109.94 MB ( 86%) committed,  2 nodes.
      Class space:      416.00 MB reserved,      16.69 MB (  4%) committed,  1 nodes.
             Both:      544.00 MB reserved,     126.62 MB ( 23%) committed. 

Chunk freelists:
   Non-Class:  1.29 MB
       Class:  15.30 MB
        Both:  16.58 MB

MaxMetaspaceSize: 512.00 MB
CompressedClassSpaceSize: 416.00 MB
Initial GC threshold: 21.00 MB
Current GC threshold: 181.88 MB
CDS: on
MetaspaceReclaimPolicy: balanced
 - commit_granule_bytes: 65536.
 - commit_granule_words: 8192.
 - virtual_space_node_default_size: 8388608.
 - enlarge_chunks_in_place: 1.
 - new_chunks_are_fully_committed: 0.
 - uncommit_free_chunks: 1.
 - use_allocation_guard: 0.
 - handle_deallocations: 1.


Internal statistics:

num_allocs_failed_limit: 12.
num_arena_births: 1244.
num_arena_deaths: 0.
num_vsnodes_births: 3.
num_vsnodes_deaths: 0.
num_space_committed: 2024.
num_space_uncommitted: 0.
num_chunks_returned_to_freelist: 12.
num_chunks_taken_from_freelist: 5983.
num_chunk_merges: 9.
num_chunk_splits: 4357.
num_chunks_enlarged: 3293.
num_inconsistent_stats: 0.

CodeHeap 'non-profiled nmethods': size=120000Kb used=8499Kb max_used=8499Kb free=111500Kb
 bounds [0x00000277bba10000, 0x00000277bc260000, 0x00000277c2f40000]
CodeHeap 'profiled nmethods': size=120000Kb used=30024Kb max_used=30024Kb free=89975Kb
 bounds [0x00000277b3f40000, 0x00000277b5ca0000, 0x00000277bb470000]
CodeHeap 'non-nmethods': size=5760Kb used=2572Kb max_used=2642Kb free=3187Kb
 bounds [0x00000277bb470000, 0x00000277bb720000, 0x00000277bba10000]
 total_blobs=15101 nmethods=13970 adapters=1040
 compilation: enabled
              stopped_count=0, restarted_count=0
 full_count=0

Compilation events (20 events):
Event: 36.254 Thread 0x00000277cb4186c0 15928       3       com.sun.crypto.provider.ChaCha20Cipher$EngineAEADDec::doUpdate (79 bytes)
Event: 36.254 Thread 0x00000277cb4186c0 nmethod 15928 0x00000277b5c83b90 code [0x00000277b5c83d80, 0x00000277b5c84318]
Event: 36.796 Thread 0x00000277cb4186c0 15931       3       org.gradle.internal.serialize.AbstractEncoder::<init> (5 bytes)
Event: 36.797 Thread 0x00000277cb4186c0 nmethod 15931 0x00000277b5c84590 code [0x00000277b5c84720, 0x00000277b5c84878]
Event: 36.798 Thread 0x00000277cb4186c0 15932       3       com.esotericsoftware.kryo.io.Output::<init> (64 bytes)
Event: 36.798 Thread 0x00000277cb4186c0 nmethod 15932 0x00000277b5c84910 code [0x00000277b5c84b20, 0x00000277b5c85048]
Event: 36.807 Thread 0x00000277cb4186c0 15933       3       com.esotericsoftware.kryo.io.Output::<init> (26 bytes)
Event: 36.808 Thread 0x00000277cb4186c0 nmethod 15933 0x00000277b5c85210 code [0x00000277b5c853c0, 0x00000277b5c85678]
Event: 36.810 Thread 0x00000277cb4186c0 15934       3       org.gradle.internal.snapshot.AbstractListChildMap$2::withReplacedChild (14 bytes)
Event: 36.811 Thread 0x00000277cb4186c0 nmethod 15934 0x00000277b5c85790 code [0x00000277b5c85940, 0x00000277b5c85b28]
Event: 36.811 Thread 0x00000277cb4186c0 15935       3       org.gradle.internal.fingerprint.impl.IgnoredPathFileSystemLocationFingerprint::create (64 bytes)
Event: 36.811 Thread 0x00000277cb4186c0 nmethod 15935 0x00000277b5c85c10 code [0x00000277b5c85e00, 0x00000277b5c862c8]
Event: 36.811 Thread 0x00000277cb4186c0 15936       3       org.gradle.api.internal.file.collections.UnpackingVisitor::add (363 bytes)
Event: 36.812 Thread 0x00000277cb4186c0 nmethod 15936 0x00000277b5c86490 code [0x00000277b5c86960, 0x00000277b5c89c98]
Event: 36.812 Thread 0x00000277cb4186c0 15937       3       org.gradle.api.internal.file.pattern.HasSuffixPatternStep::matches (51 bytes)
Event: 36.812 Thread 0x00000277cb4186c0 nmethod 15937 0x00000277b5c8a490 code [0x00000277b5c8a680, 0x00000277b5c8ab88]
Event: 36.812 Thread 0x00000277cb4186c0 15938       3       org.gradle.api.internal.file.pattern.HasSuffixPatternStep::isLongEnough (22 bytes)
Event: 36.813 Thread 0x00000277cb4186c0 nmethod 15938 0x00000277b5c8ad90 code [0x00000277b5c8af40, 0x00000277b5c8b1b8]
Event: 36.813 Thread 0x00000277cb4186c0 15939       3       org.gradle.internal.snapshot.SnapshotUtil$1::handleExactMatchWithChild (9 bytes)
Event: 36.813 Thread 0x00000277cb4186c0 nmethod 15939 0x00000277b5c8b310 code [0x00000277b5c8b4c0, 0x00000277b5c8b808]

GC Heap History (20 events):
Event: 13.393 GC heap before
{Heap before GC invocations=22 (full 0):
 garbage-first heap   total 313344K, used 186068K [0x0000000080000000, 0x0000000100000000)
  region size 1024K, 120 young (122880K), 2 survivors (2048K)
 Metaspace       used 73848K, committed 74560K, reserved 491520K
  class space    used 9873K, committed 10176K, reserved 425984K
}
Event: 13.398 GC heap after
{Heap after GC invocations=23 (full 0):
 garbage-first heap   total 313344K, used 73913K [0x0000000080000000, 0x0000000100000000)
  region size 1024K, 11 young (11264K), 11 survivors (11264K)
 Metaspace       used 73848K, committed 74560K, reserved 491520K
  class space    used 9873K, committed 10176K, reserved 425984K
}
Event: 14.724 GC heap before
{Heap before GC invocations=23 (full 0):
 garbage-first heap   total 313344K, used 203961K [0x0000000080000000, 0x0000000100000000)
  region size 1024K, 138 young (141312K), 11 survivors (11264K)
 Metaspace       used 84632K, committed 85312K, reserved 557056K
  class space    used 11097K, committed 11392K, reserved 425984K
}
Event: 14.731 GC heap after
{Heap after GC invocations=24 (full 0):
 garbage-first heap   total 313344K, used 81274K [0x0000000080000000, 0x0000000100000000)
  region size 1024K, 9 young (9216K), 9 survivors (9216K)
 Metaspace       used 84632K, committed 85312K, reserved 557056K
  class space    used 11097K, committed 11392K, reserved 425984K
}
Event: 15.492 GC heap before
{Heap before GC invocations=24 (full 0):
 garbage-first heap   total 313344K, used 143738K [0x0000000080000000, 0x0000000100000000)
  region size 1024K, 71 young (72704K), 9 survivors (9216K)
 Metaspace       used 94550K, committed 95168K, reserved 557056K
  class space    used 12141K, committed 12416K, reserved 425984K
}
Event: 15.495 GC heap after
{Heap after GC invocations=25 (full 0):
 garbage-first heap   total 313344K, used 82720K [0x0000000080000000, 0x0000000100000000)
  region size 1024K, 11 young (11264K), 11 survivors (11264K)
 Metaspace       used 94550K, committed 95168K, reserved 557056K
  class space    used 12141K, committed 12416K, reserved 425984K
}
Event: 16.672 GC heap before
{Heap before GC invocations=26 (full 0):
 garbage-first heap   total 286720K, used 230176K [0x0000000080000000, 0x0000000100000000)
  region size 1024K, 154 young (157696K), 11 survivors (11264K)
 Metaspace       used 100563K, committed 101376K, reserved 557056K
  class space    used 13026K, committed 13376K, reserved 425984K
}
Event: 16.678 GC heap after
{Heap after GC invocations=27 (full 0):
 garbage-first heap   total 286720K, used 88226K [0x0000000080000000, 0x0000000100000000)
  region size 1024K, 16 young (16384K), 16 survivors (16384K)
 Metaspace       used 100563K, committed 101376K, reserved 557056K
  class space    used 13026K, committed 13376K, reserved 425984K
}
Event: 16.707 GC heap before
{Heap before GC invocations=27 (full 0):
 garbage-first heap   total 286720K, used 89250K [0x0000000080000000, 0x0000000100000000)
  region size 1024K, 17 young (17408K), 16 survivors (16384K)
 Metaspace       used 100683K, committed 101504K, reserved 557056K
  class space    used 13038K, committed 13376K, reserved 425984K
}
Event: 16.713 GC heap after
{Heap after GC invocations=28 (full 0):
 garbage-first heap   total 286720K, used 88859K [0x0000000080000000, 0x0000000100000000)
  region size 1024K, 3 young (3072K), 3 survivors (3072K)
 Metaspace       used 100683K, committed 101504K, reserved 557056K
  class space    used 13038K, committed 13376K, reserved 425984K
}
Event: 17.950 GC heap before
{Heap before GC invocations=28 (full 0):
 garbage-first heap   total 286720K, used 220955K [0x0000000080000000, 0x0000000100000000)
  region size 1024K, 126 young (129024K), 3 survivors (3072K)
 Metaspace       used 110811K, committed 111744K, reserved 557056K
  class space    used 14488K, committed 14912K, reserved 425984K
}
Event: 17.957 GC heap after
{Heap after GC invocations=29 (full 0):
 garbage-first heap   total 286720K, used 107574K [0x0000000080000000, 0x0000000100000000)
  region size 1024K, 15 young (15360K), 15 survivors (15360K)
 Metaspace       used 110811K, committed 111744K, reserved 557056K
  class space    used 14488K, committed 14912K, reserved 425984K
}
Event: 18.639 GC heap before
{Heap before GC invocations=30 (full 0):
 garbage-first heap   total 286720K, used 217142K [0x0000000080000000, 0x0000000100000000)
  region size 1024K, 121 young (123904K), 15 survivors (15360K)
 Metaspace       used 111744K, committed 112704K, reserved 557056K
  class space    used 14536K, committed 14976K, reserved 425984K
}
Event: 18.651 GC heap after
{Heap after GC invocations=31 (full 0):
 garbage-first heap   total 286720K, used 119305K [0x0000000080000000, 0x0000000100000000)
  region size 1024K, 13 young (13312K), 13 survivors (13312K)
 Metaspace       used 111744K, committed 112704K, reserved 557056K
  class space    used 14536K, committed 14976K, reserved 425984K
}
Event: 18.660 GC heap before
{Heap before GC invocations=31 (full 0):
 garbage-first heap   total 286720K, used 119305K [0x0000000080000000, 0x0000000100000000)
  region size 1024K, 14 young (14336K), 13 survivors (13312K)
 Metaspace       used 111808K, committed 112704K, reserved 557056K
  class space    used 14546K, committed 14976K, reserved 425984K
}
Event: 18.664 GC heap after
{Heap after GC invocations=32 (full 0):
 garbage-first heap   total 286720K, used 118900K [0x0000000080000000, 0x0000000100000000)
  region size 1024K, 2 young (2048K), 2 survivors (2048K)
 Metaspace       used 111808K, committed 112704K, reserved 557056K
  class space    used 14546K, committed 14976K, reserved 425984K
}
Event: 19.917 GC heap before
{Heap before GC invocations=32 (full 0):
 garbage-first heap   total 286720K, used 218228K [0x0000000080000000, 0x0000000100000000)
  region size 1024K, 99 young (101376K), 2 survivors (2048K)
 Metaspace       used 118406K, committed 119360K, reserved 557056K
  class space    used 15292K, committed 15744K, reserved 425984K
}
Event: 19.922 GC heap after
{Heap after GC invocations=33 (full 0):
 garbage-first heap   total 286720K, used 119983K [0x0000000080000000, 0x0000000100000000)
  region size 1024K, 10 young (10240K), 10 survivors (10240K)
 Metaspace       used 118406K, committed 119360K, reserved 557056K
  class space    used 15292K, committed 15744K, reserved 425984K
}
Event: 33.991 GC heap before
{Heap before GC invocations=33 (full 0):
 garbage-first heap   total 286720K, used 220335K [0x0000000080000000, 0x0000000100000000)
  region size 1024K, 108 young (110592K), 10 survivors (10240K)
 Metaspace       used 128231K, committed 129216K, reserved 557056K
  class space    used 16542K, committed 17024K, reserved 425984K
}
Event: 33.998 GC heap after
{Heap after GC invocations=34 (full 0):
 garbage-first heap   total 286720K, used 129681K [0x0000000080000000, 0x0000000100000000)
  region size 1024K, 10 young (10240K), 10 survivors (10240K)
 Metaspace       used 128231K, committed 129216K, reserved 557056K
  class space    used 16542K, committed 17024K, reserved 425984K
}

Deoptimization events (20 events):
Event: 34.202 Thread 0x00000277f018e440 DEOPT PACKING pc=0x00000277bc18a984 sp=0x000000f2290f8ab0
Event: 34.202 Thread 0x00000277f018e440 DEOPT UNPACKING pc=0x00000277bb4c23a3 sp=0x000000f2290f8a60 mode 2
Event: 34.202 Thread 0x00000277f018e440 Uncommon trap: trap_request=0xffffffbe fr.pc=0x00000277bc18a984 relative=0x0000000000000884
Event: 34.202 Thread 0x00000277f018e440 Uncommon trap: reason=profile_predicate action=maybe_recompile pc=0x00000277bc18a984 method=java.util.regex.Pattern$CharPropertyGreedy.match(Ljava/util/regex/Matcher;ILjava/lang/CharSequence;)Z @ 15 c2
Event: 34.202 Thread 0x00000277f018e440 DEOPT PACKING pc=0x00000277bc18a984 sp=0x000000f2290f8ab0
Event: 34.202 Thread 0x00000277f018e440 DEOPT UNPACKING pc=0x00000277bb4c23a3 sp=0x000000f2290f8a60 mode 2
Event: 34.202 Thread 0x00000277f018e440 Uncommon trap: trap_request=0xffffffbe fr.pc=0x00000277bc18a984 relative=0x0000000000000884
Event: 34.202 Thread 0x00000277f018e440 Uncommon trap: reason=profile_predicate action=maybe_recompile pc=0x00000277bc18a984 method=java.util.regex.Pattern$CharPropertyGreedy.match(Ljava/util/regex/Matcher;ILjava/lang/CharSequence;)Z @ 15 c2
Event: 34.202 Thread 0x00000277f018e440 DEOPT PACKING pc=0x00000277bc18a984 sp=0x000000f2290f8ab0
Event: 34.202 Thread 0x00000277f018e440 DEOPT UNPACKING pc=0x00000277bb4c23a3 sp=0x000000f2290f8a60 mode 2
Event: 34.202 Thread 0x00000277f018e440 Uncommon trap: trap_request=0xffffffbe fr.pc=0x00000277bc18a984 relative=0x0000000000000884
Event: 34.202 Thread 0x00000277f018e440 Uncommon trap: reason=profile_predicate action=maybe_recompile pc=0x00000277bc18a984 method=java.util.regex.Pattern$CharPropertyGreedy.match(Ljava/util/regex/Matcher;ILjava/lang/CharSequence;)Z @ 15 c2
Event: 34.202 Thread 0x00000277f018e440 DEOPT PACKING pc=0x00000277bc18a984 sp=0x000000f2290f8ab0
Event: 34.202 Thread 0x00000277f018e440 DEOPT UNPACKING pc=0x00000277bb4c23a3 sp=0x000000f2290f8a60 mode 2
Event: 35.653 Thread 0x00000277f018e440 DEOPT PACKING pc=0x00000277b5a0e4f9 sp=0x000000f2290f88a0
Event: 35.653 Thread 0x00000277f018e440 DEOPT UNPACKING pc=0x00000277bb4c2b43 sp=0x000000f2290f7d60 mode 0
Event: 36.813 Thread 0x00000277f018e440 Uncommon trap: trap_request=0xffffffd6 fr.pc=0x00000277bc0dd06c relative=0x00000000000008ac
Event: 36.813 Thread 0x00000277f018e440 Uncommon trap: reason=array_check action=maybe_recompile pc=0x00000277bc0dd06c method=java.util.TimSort.binarySort([Ljava/lang/Object;IIILjava/util/Comparator;)V @ 183 c2
Event: 36.813 Thread 0x00000277f018e440 DEOPT PACKING pc=0x00000277bc0dd06c sp=0x000000f2290fcb50
Event: 36.813 Thread 0x00000277f018e440 DEOPT UNPACKING pc=0x00000277bb4c23a3 sp=0x000000f2290fcae8 mode 2

Classes unloaded (0 events):
No events

Classes redefined (0 events):
No events

Internal exceptions (20 events):
Event: 19.685 Thread 0x00000277ec22d050 Exception <a 'java/lang/ClassNotFoundException'{0x000000008c8ffb20}: org/gradle/api/internal/artifacts/dsl/dependencies/DefaultDependencyHandlerBeanInfo> (0x000000008c8ffb20) 
thrown [s\open\src\hotspot\share\classfile\systemDictionary.cpp, line 256]
Event: 19.685 Thread 0x00000277ec22d050 Exception <a 'java/lang/ClassNotFoundException'{0x000000008c7170b8}: org/gradle/api/internal/artifacts/dsl/dependencies/DefaultDependencyHandlerCustomizer> (0x000000008c7170b8) 
thrown [s\open\src\hotspot\share\classfile\systemDictionary.cpp, line 256]
Event: 19.687 Thread 0x00000277ec22d050 Exception <a 'java/lang/ClassNotFoundException'{0x000000008c7556a8}: org/gradle/api/internal/artifacts/dsl/dependencies/DefaultDependencyHandler_DecoratedCustomizer> (0x000000008c7556a8) 
thrown [s\open\src\hotspot\share\classfile\systemDictionary.cpp, line 256]
Event: 20.111 Thread 0x00000277ec22d050 Exception <a 'java/lang/NoSuchMethodError'{0x0000000091007bc8}: 'java.lang.Object java.lang.invoke.DirectMethodHandle$Holder.newInvokeSpecial(java.lang.Object, java.lang.Object, java.lang.Object, java.lang.Object, java.lang.Object, java.lang.Object, java.lang.Object, java.lang.Object, java.lang.Object)'> (0x0000000091007bc8) 
thrown [s\open\src\hotspot\share\interpreter\linkResolver.cpp, line 759]
Event: 20.112 Thread 0x00000277ec22d050 Exception <a 'java/lang/NoSuchMethodError'{0x000000009100d868}: 'java.lang.Object java.lang.invoke.Invokers$Holder.linkToTargetMethod(java.lang.Object, java.lang.Object, java.lang.Object, java.lang.Object, java.lang.Object, java.lang.Object, java.lang.Object, java.lang.Object, java.lang.Object)'> (0x000000009100d868) 
thrown [s\open\src\hotspot\share\interpreter\linkResolver.cpp, line 759]
Event: 20.305 Thread 0x00000277f018e440 Exception <a 'java/lang/NoSuchMethodError'{0x00000000902f8f30}: 'java.lang.Object java.lang.invoke.DirectMethodHandle$Holder.newInvokeSpecial(java.lang.Object, java.lang.Object, java.lang.Object, java.lang.Object, int, java.lang.Object)'> (0x00000000902f8f30) 
thrown [s\open\src\hotspot\share\interpreter\linkResolver.cpp, line 759]
Event: 20.306 Thread 0x00000277f018e440 Exception <a 'java/lang/NoSuchMethodError'{0x00000000902fd1f0}: 'java.lang.Object java.lang.invoke.Invokers$Holder.linkToTargetMethod(java.lang.Object, java.lang.Object, java.lang.Object, int, java.lang.Object, java.lang.Object)'> (0x00000000902fd1f0) 
thrown [s\open\src\hotspot\share\interpreter\linkResolver.cpp, line 759]
Event: 20.319 Thread 0x00000277f018e440 Exception <a 'java/lang/NoSuchMethodError'{0x000000009016ac90}: 'void java.lang.invoke.DirectMethodHandle$Holder.invokeInterface(java.lang.Object, java.lang.Object, java.lang.Object, java.lang.Object)'> (0x000000009016ac90) 
thrown [s\open\src\hotspot\share\interpreter\linkResolver.cpp, line 759]
Event: 20.341 Thread 0x00000277ec22c120 Exception <a 'java/lang/NoSuchMethodError'{0x000000009005d9a8}: static Lorg/gradle/internal/build/event/types/DefaultTaskStartedProgressEvent;.<clinit>()V> (0x000000009005d9a8) 
thrown [s\open\src\hotspot\share\prims\jni.cpp, line 1112]
Event: 20.341 Thread 0x00000277ec22c120 Exception <a 'java/lang/NoSuchMethodError'{0x0000000090067bc0}: static Lorg/gradle/internal/build/event/types/DefaultTaskDescriptor;.<clinit>()V> (0x0000000090067bc0) 
thrown [s\open\src\hotspot\share\prims\jni.cpp, line 1112]
Event: 20.356 Thread 0x00000277f018e440 Exception <a 'sun/nio/fs/WindowsException'{0x00000000900ca380}> (0x00000000900ca380) 
thrown [s\open\src\hotspot\share\prims\jni.cpp, line 516]
Event: 20.356 Thread 0x00000277f018e440 Exception <a 'sun/nio/fs/WindowsException'{0x00000000900cc670}> (0x00000000900cc670) 
thrown [s\open\src\hotspot\share\prims\jni.cpp, line 516]
Event: 20.370 Thread 0x00000277f018e440 Exception <a 'java/lang/NoSuchMethodError'{0x000000008ff33730}: 'int java.lang.invoke.DirectMethodHandle$Holder.invokeSpecial(java.lang.Object, java.lang.Object, java.lang.Object, java.lang.Object, java.lang.Object)'> (0x000000008ff33730) 
thrown [s\open\src\hotspot\share\interpreter\linkResolver.cpp, line 759]
Event: 20.461 Thread 0x00000277f00782f0 Implicit null exception at 0x00000277bbc1bccb to 0x00000277bbc1bcf0
Event: 20.461 Thread 0x00000277f0079730 Implicit null exception at 0x00000277bbc1bccb to 0x00000277bbc1bcf0
Event: 20.461 Thread 0x00000277f018e440 Implicit null exception at 0x00000277bbc1bccb to 0x00000277bbc1bcf0
Event: 20.466 Thread 0x00000277ec22c120 Exception <a 'java/lang/NoSuchMethodError'{0x000000008fbe4540}: static Lorg/gradle/internal/build/event/types/DefaultFileDownloadDescriptor;.<clinit>()V> (0x000000008fbe4540) 
thrown [s\open\src\hotspot\share\prims\jni.cpp, line 1112]
Event: 20.491 Thread 0x00000277f018e440 Exception <a 'sun/nio/fs/WindowsException'{0x000000008fafbb60}> (0x000000008fafbb60) 
thrown [s\open\src\hotspot\share\prims\jni.cpp, line 516]
Event: 32.280 Thread 0x00000277ec22c120 Exception <a 'java/lang/NoSuchMethodError'{0x000000008e85c828}: static Lorg/gradle/internal/build/event/types/DefaultStatusEvent;.<clinit>()V> (0x000000008e85c828) 
thrown [s\open\src\hotspot\share\prims\jni.cpp, line 1112]
Event: 32.397 Thread 0x00000277ec22c120 Exception <a 'java/lang/NoSuchMethodError'{0x000000008e766008}: static Lorg/gradle/internal/build/event/types/DefaultFileDownloadSuccessResult;.<clinit>()V> (0x000000008e766008) 
thrown [s\open\src\hotspot\share\prims\jni.cpp, line 1112]

VM Operations (20 events):
Event: 32.055 Executing VM operation: HandshakeAllThreads
Event: 32.055 Executing VM operation: HandshakeAllThreads done
Event: 32.980 Executing VM operation: ICBufferFull
Event: 32.981 Executing VM operation: ICBufferFull done
Event: 33.337 Executing VM operation: HandshakeAllThreads
Event: 33.337 Executing VM operation: HandshakeAllThreads done
Event: 33.351 Executing VM operation: ICBufferFull
Event: 33.352 Executing VM operation: ICBufferFull done
Event: 33.801 Executing VM operation: ICBufferFull
Event: 33.801 Executing VM operation: ICBufferFull done
Event: 33.991 Executing VM operation: G1CollectForAllocation
Event: 33.998 Executing VM operation: G1CollectForAllocation done
Event: 34.001 Executing VM operation: HandshakeAllThreads
Event: 34.001 Executing VM operation: HandshakeAllThreads done
Event: 35.002 Executing VM operation: Cleanup
Event: 35.002 Executing VM operation: Cleanup done
Event: 36.012 Executing VM operation: Cleanup
Event: 36.012 Executing VM operation: Cleanup done
Event: 37.024 Executing VM operation: Cleanup
Event: 37.024 Executing VM operation: Cleanup done

Events (20 events):
Event: 33.080 loading class sun/security/ssl/NewSessionTicket$T13NewSessionTicketMessage
Event: 33.080 loading class sun/security/ssl/NewSessionTicket$T13NewSessionTicketMessage done
Event: 33.337 Thread 0x00000277cb4258b0 flushing nmethod 0x00000277bbb05d10
Event: 33.338 Thread 0x00000277cb4258b0 flushing nmethod 0x00000277bbb9b390
Event: 33.338 Thread 0x00000277cb4258b0 flushing nmethod 0x00000277bbd1cb90
Event: 33.338 Thread 0x00000277cb4258b0 flushing nmethod 0x00000277bbd27690
Event: 33.339 Thread 0x00000277cb4258b0 flushing nmethod 0x00000277bbe4f710
Event: 33.339 Thread 0x00000277cb4258b0 flushing nmethod 0x00000277bbe8a190
Event: 33.339 Thread 0x00000277cb4258b0 flushing nmethod 0x00000277bbe9a090
Event: 33.341 Thread 0x00000277cb4258b0 flushing nmethod 0x00000277b3ffae10
Event: 33.345 Thread 0x00000277cb4258b0 flushing nmethod 0x00000277b4349690
Event: 33.346 Thread 0x00000277cb4258b0 flushing nmethod 0x00000277b44d7910
Event: 33.346 Thread 0x00000277cb4258b0 flushing nmethod 0x00000277b44eab10
Event: 33.348 Thread 0x00000277cb4258b0 flushing nmethod 0x00000277b4795310
Event: 33.354 Thread 0x00000277cb4258b0 flushing nmethod 0x00000277b4d84790
Event: 33.370 loading class jdk/internal/misc/ScopedMemoryAccess$Scope$Handle
Event: 33.370 loading class jdk/internal/misc/ScopedMemoryAccess$Scope$Handle done
Event: 34.108 Thread 0x00000277f1aa1390 Thread added: 0x00000277f1aa1390
Event: 34.304 Thread 0x00000277f070aaf0 Thread exited: 0x00000277f070aaf0
Event: 34.520 Thread 0x00000277f070dac0 Thread exited: 0x00000277f070dac0


Dynamic libraries:
0x00007ff7f8ed0000 - 0x00007ff7f8ee0000 	C:\Program Files\Java\jdk-17\bin\java.exe
0x00007ffa7bde0000 - 0x00007ffa7c048000 	C:\WINDOWS\SYSTEM32\ntdll.dll
0x00007ffa7a6c0000 - 0x00007ffa7a789000 	C:\WINDOWS\System32\KERNEL32.DLL
0x00007ffa793b0000 - 0x00007ffa7979d000 	C:\WINDOWS\System32\KERNELBASE.dll
0x00007ffa79990000 - 0x00007ffa79adb000 	C:\WINDOWS\System32\ucrtbase.dll
0x00007ffa682e0000 - 0x00007ffa682fb000 	C:\Program Files\Java\jdk-17\bin\VCRUNTIME140.dll
0x00007ffa68630000 - 0x00007ffa68649000 	C:\Program Files\Java\jdk-17\bin\jli.dll
0x00007ffa7ab90000 - 0x00007ffa7ac44000 	C:\WINDOWS\System32\ADVAPI32.dll
0x00007ffa7bcf0000 - 0x00007ffa7bd99000 	C:\WINDOWS\System32\msvcrt.dll
0x00007ffa7ae30000 - 0x00007ffa7aed6000 	C:\WINDOWS\System32\sechost.dll
0x00007ffa79d50000 - 0x00007ffa79e68000 	C:\WINDOWS\System32\RPCRT4.dll
0x00007ffa79b80000 - 0x00007ffa79d4c000 	C:\WINDOWS\System32\USER32.dll
0x00007ffa61e60000 - 0x00007ffa620fa000 	C:\WINDOWS\WinSxS\amd64_microsoft.windows.common-controls_6595b64144ccf1df_6.0.26100.4484_none_3e0e6d4ce32ef3b3\COMCTL32.dll
0x00007ffa78ff0000 - 0x00007ffa79017000 	C:\WINDOWS\System32\win32u.dll
0x00007ffa79e70000 - 0x00007ffa79e9b000 	C:\WINDOWS\System32\GDI32.dll
0x00007ffa797a0000 - 0x00007ffa798d7000 	C:\WINDOWS\System32\gdi32full.dll
0x00007ffa6bfa0000 - 0x00007ffa6bfab000 	C:\WINDOWS\SYSTEM32\VERSION.dll
0x00007ffa798e0000 - 0x00007ffa79983000 	C:\WINDOWS\System32\msvcp_win.dll
0x00007ffa79f50000 - 0x00007ffa79f7f000 	C:\WINDOWS\System32\IMM32.DLL
0x00007ffa5ec70000 - 0x00007ffa5ec7c000 	C:\Program Files\Java\jdk-17\bin\vcruntime140_1.dll
0x00007ffa516d0000 - 0x00007ffa5175e000 	C:\Program Files\Java\jdk-17\bin\msvcp140.dll
0x00007ff9d2d60000 - 0x00007ff9d3940000 	C:\Program Files\Java\jdk-17\bin\server\jvm.dll
0x00007ffa7b2e0000 - 0x00007ffa7b2e8000 	C:\WINDOWS\System32\PSAPI.DLL
0x00007ffa5f010000 - 0x00007ffa5f01a000 	C:\WINDOWS\SYSTEM32\WSOCK32.dll
0x00007ffa6c9e0000 - 0x00007ffa6ca15000 	C:\WINDOWS\SYSTEM32\WINMM.dll
0x00007ffa7bbf0000 - 0x00007ffa7bc64000 	C:\WINDOWS\System32\WS2_32.dll
0x00007ffa77c90000 - 0x00007ffa77cab000 	C:\WINDOWS\SYSTEM32\kernel.appcore.dll
0x00007ffa5ec60000 - 0x00007ffa5ec6a000 	C:\Program Files\Java\jdk-17\bin\jimage.dll
0x00007ffa6cbf0000 - 0x00007ffa6ce31000 	C:\WINDOWS\SYSTEM32\DBGHELP.DLL
0x00007ffa7a800000 - 0x00007ffa7ab86000 	C:\WINDOWS\System32\combase.dll
0x00007ffa7a010000 - 0x00007ffa7a0f0000 	C:\WINDOWS\System32\OLEAUT32.dll
0x00007ffa66330000 - 0x00007ffa66373000 	C:\WINDOWS\SYSTEM32\dbgcore.DLL
0x00007ffa79ae0000 - 0x00007ffa79b79000 	C:\WINDOWS\System32\bcryptPrimitives.dll
0x00007ffa54610000 - 0x00007ffa54635000 	C:\Program Files\Java\jdk-17\bin\java.dll
0x00007ffa51520000 - 0x00007ffa515f7000 	C:\Program Files\Java\jdk-17\bin\jsvml.dll
0x00007ffa7b4a0000 - 0x00007ffa7bbea000 	C:\WINDOWS\System32\SHELL32.dll
0x00007ffa791a0000 - 0x00007ffa79314000 	C:\WINDOWS\System32\wintypes.dll
0x00007ffa76b50000 - 0x00007ffa773ab000 	C:\WINDOWS\SYSTEM32\windows.storage.dll
0x00007ffa7a100000 - 0x00007ffa7a1f5000 	C:\WINDOWS\System32\SHCORE.dll
0x00007ffa7a790000 - 0x00007ffa7a7fa000 	C:\WINDOWS\System32\shlwapi.dll
0x00007ffa78e40000 - 0x00007ffa78e6f000 	C:\WINDOWS\SYSTEM32\profapi.dll
0x00007ffa54540000 - 0x00007ffa54559000 	C:\Program Files\Java\jdk-17\bin\net.dll
0x00007ffa71e80000 - 0x00007ffa71f9e000 	C:\WINDOWS\SYSTEM32\WINHTTP.dll
0x00007ffa78200000 - 0x00007ffa7826a000 	C:\WINDOWS\system32\mswsock.dll
0x00007ffa54520000 - 0x00007ffa54536000 	C:\Program Files\Java\jdk-17\bin\nio.dll
0x00007ffa54460000 - 0x00007ffa54478000 	C:\Program Files\Java\jdk-17\bin\zip.dll
0x00007ffa5ec50000 - 0x00007ffa5ec60000 	C:\Program Files\Java\jdk-17\bin\verify.dll
0x00007ffa4e930000 - 0x00007ffa4e957000 	C:\Users\AYO\.gradle\native\68d5fa5c4cc2d200863cafc0d521ce42e7d3e7ee720ec0a83991735586a16f82\windows-amd64\native-platform.dll
0x00007ffa23b10000 - 0x00007ffa23c54000 	C:\Users\AYO\.gradle\native\e376f236ea51e6404a007f0833ffe2c6e607c4080706a723a18a27aeea778392\windows-amd64\native-platform-file-events.dll
0x00007ffa55570000 - 0x00007ffa5557a000 	C:\Program Files\Java\jdk-17\bin\management.dll
0x00007ffa54450000 - 0x00007ffa5445b000 	C:\Program Files\Java\jdk-17\bin\management_ext.dll
0x00007ffa785e0000 - 0x00007ffa785fb000 	C:\WINDOWS\SYSTEM32\CRYPTSP.dll
0x00007ffa77bf0000 - 0x00007ffa77c2b000 	C:\WINDOWS\system32\rsaenh.dll
0x00007ffa782a0000 - 0x00007ffa782cb000 	C:\WINDOWS\SYSTEM32\USERENV.dll
0x00007ffa78e10000 - 0x00007ffa78e36000 	C:\WINDOWS\SYSTEM32\bcrypt.dll
0x00007ffa78440000 - 0x00007ffa7844c000 	C:\WINDOWS\SYSTEM32\CRYPTBASE.dll
0x00007ffa776a0000 - 0x00007ffa776d3000 	C:\WINDOWS\SYSTEM32\IPHLPAPI.DLL
0x00007ffa79ff0000 - 0x00007ffa79ffa000 	C:\WINDOWS\System32\NSI.dll
0x00007ffa71e50000 - 0x00007ffa71e6f000 	C:\WINDOWS\SYSTEM32\dhcpcsvc6.DLL
0x00007ffa71e20000 - 0x00007ffa71e45000 	C:\WINDOWS\SYSTEM32\dhcpcsvc.DLL
0x00007ffa77730000 - 0x00007ffa77856000 	C:\WINDOWS\SYSTEM32\DNSAPI.dll
0x00007ffa54440000 - 0x00007ffa5444e000 	C:\Program Files\Java\jdk-17\bin\sunmscapi.dll
0x00007ffa79020000 - 0x00007ffa79197000 	C:\WINDOWS\System32\CRYPT32.dll
0x00007ffa78730000 - 0x00007ffa78760000 	C:\WINDOWS\SYSTEM32\ncrypt.dll
0x00007ffa786e0000 - 0x00007ffa7871f000 	C:\WINDOWS\SYSTEM32\NTASN1.dll
0x00007ffa58d70000 - 0x00007ffa58d78000 	C:\WINDOWS\system32\wshunix.dll
0x00007ffa6beb0000 - 0x00007ffa6bebb000 	C:\Windows\System32\rasadhlp.dll
0x00007ffa6ca20000 - 0x00007ffa6caa6000 	C:\WINDOWS\System32\fwpuclnt.dll

dbghelp: loaded successfully - version: 4.0.5 - missing functions: none
symbol engine: initialized successfully - sym options: 0x614 - pdb path: .;C:\Program Files\Java\jdk-17\bin;C:\WINDOWS\SYSTEM32;C:\WINDOWS\WinSxS\amd64_microsoft.windows.common-controls_6595b64144ccf1df_6.0.26100.4484_none_3e0e6d4ce32ef3b3;C:\Program Files\Java\jdk-17\bin\server;C:\Users\AYO\.gradle\native\68d5fa5c4cc2d200863cafc0d521ce42e7d3e7ee720ec0a83991735586a16f82\windows-amd64;C:\Users\AYO\.gradle\native\e376f236ea51e6404a007f0833ffe2c6e607c4080706a723a18a27aeea778392\windows-amd64

VM Arguments:
jvm_args: -XX:MaxMetaspaceSize=512m --add-opens=java.base/java.util=ALL-UNNAMED --add-opens=java.base/java.lang=ALL-UNNAMED --add-opens=java.base/java.lang.invoke=ALL-UNNAMED --add-opens=java.prefs/java.util.prefs=ALL-UNNAMED --add-opens=java.base/java.nio.charset=ALL-UNNAMED --add-opens=java.base/java.net=ALL-UNNAMED --add-opens=java.base/java.util.concurrent.atomic=ALL-UNNAMED -Xmx2048m -Dfile.encoding=utf8 -Duser.country=PH -Duser.language=en -Duser.variant 
java_command: org.gradle.launcher.daemon.bootstrap.GradleDaemon 8.0.1
java_class_path (initial): C:\Users\AYO\.gradle\wrapper\dists\gradle-8.0.1-all\aro4hu1c3oeioove7l0i4i14o\gradle-8.0.1\lib\gradle-launcher-8.0.1.jar
Launcher Type: SUN_STANDARD

[Global flags]
     intx CICompilerCount                          = 4                                         {product} {ergonomic}
   size_t CompressedClassSpaceSize                 = 436207616                                 {product} {ergonomic}
     uint ConcGCThreads                            = 3                                         {product} {ergonomic}
     uint G1ConcRefinementThreads                  = 10                                        {product} {ergonomic}
   size_t G1HeapRegionSize                         = 1048576                                   {product} {ergonomic}
    uintx GCDrainStackTargetSize                   = 64                                        {product} {ergonomic}
   size_t InitialHeapSize                          = 534773760                                 {product} {ergonomic}
   size_t MarkStackSize                            = 4194304                                   {product} {ergonomic}
   size_t MaxHeapSize                              = 2147483648                                {product} {command line}
   size_t MaxMetaspaceSize                         = 536870912                                 {product} {command line}
   size_t MaxNewSize                               = 1287651328                                {product} {ergonomic}
   size_t MinHeapDeltaBytes                        = 1048576                                   {product} {ergonomic}
   size_t MinHeapSize                              = 8388608                                   {product} {ergonomic}
    uintx NonNMethodCodeHeapSize                   = 5839372                                {pd product} {ergonomic}
    uintx NonProfiledCodeHeapSize                  = 122909434                              {pd product} {ergonomic}
    uintx ProfiledCodeHeapSize                     = 122909434                              {pd product} {ergonomic}
    uintx ReservedCodeCacheSize                    = 251658240                              {pd product} {ergonomic}
     bool SegmentedCodeCache                       = true                                      {product} {ergonomic}
   size_t SoftMaxHeapSize                          = 2147483648                             {manageable} {ergonomic}
     bool UseCompressedClassPointers               = true                           {product lp64_product} {ergonomic}
     bool UseCompressedOops                        = true                           {product lp64_product} {ergonomic}
     bool UseG1GC                                  = true                                      {product} {ergonomic}
     bool UseLargePagesIndividualAllocation        = false                                  {pd product} {ergonomic}

Logging:
Log output configuration:
 #0: stdout all=warning uptime,level,tags
 #1: stderr all=off uptime,level,tags

Environment Variables:
JAVA_HOME=C:\Program Files\Java\jdk-17
PATH=C:\Program Files (x86)\Common Files\Oracle\Java\javapath;C:\Python312\Scripts\;C:\Python312\;C:\WINDOWS\system32;C:\WINDOWS;C:\WINDOWS\System32\Wbem;C:\WINDOWS\System32\WindowsPowerShell\v1.0\;C:\WINDOWS\System32\OpenSSH\;C:\Program Files\nodejs\;C:\ProgramData\chocolatey\bin;C:\Program Files\Git\cmd;C:\Program Files\dotnet\;C:\Ninja\ninja.exe;C:\Program Files\Microsoft Visual Studio\2022\Community\VC\Tools\MSVC\14.40.33807\bin\Hostx64\x64\cl.exe;C:\Program Files\LLVM\bin;C:\deps\llvm\bin;C:\Program Files\php-8.3.13-nts-Win32-vs16-x64;C:\Users\AYO\AppData\Local\Android\sdk\emulator;C:\Users\AYO\AppData\Local\Android\Sdk;C:\Gradle\gradle-8.14.2\bin;C:\Users\AYO\AppData\Local\Android\Sdk\tools;C:\Users\AYO\AppData\Local\Android\Sdk\tools;C:\Users\AYO\AppData\Local\Android\Sdk\platform-tools;C:\Users\AYO\AppData\Local\Android\Sdk\emulator;C:\Program Files (x86)\Common Files\Oracle\Java\javapath;C:\Python312\Scripts\;C:\Python312\;C:\WINDOWS\system32;C:\WINDOWS;C:\WINDOWS\System32\Wbem;C:\WINDOWS\System32\WindowsPowerShell\v1.0\;C:\WINDOWS\System32\OpenSSH\;C:\Program Files\nodejs\;C:\ProgramData\chocolatey\bin;C:\Program Files\Git\cmd;C:\Program Files\dotnet\;C:\Ninja\ninja.exe;C:\Program Files\Microsoft Visual Studio\2022\Community\VC\Tools\MSVC\14.40.33807\bin\Hostx64\x64\cl.exe;C:\Program Files\LLVM\bin;C:\deps\llvm\bin;C:\Program Files\php-8.3.13-nts-Win32-vs16-x64;C:\Users\AYO\AppData\Local\Android\sdk\emulator;C:\Users\AYO\.android\avd;C:\Users\AYO\AppData\;C:\Program Files\Java\jdk-17\bin;C:\Users\AYO\AppData\Local\Android\Sdk\platform-tools;C:\Users\AYO\AppData\Local\Android\Sdk\emulator;C:\Users\AYO\AppData\Local\Programs\Microsoft VS Code\bin
USERNAME=AYO
OS=Windows_NT
PROCESSOR_IDENTIFIER=AMD64 Family 25 Model 80 Stepping 0, AuthenticAMD



---------------  S Y S T E M  ---------------

OS:
 Windows 11 , 64 bit Build 26100 (10.0.26100.4484)
OS uptime: 0 days 4:24 hours
Hyper-V role detected

CPU: total 12 (initial active 12) (12 cores per cpu, 2 threads per core) family 25 model 80 stepping 0 microcode 0xa500011, cx8, cmov, fxsr, ht, mmx, 3dnowpref, sse, sse2, sse3, ssse3, sse4a, sse4.1, sse4.2, popcnt, lzcnt, tsc, tscinvbit, avx, avx2, aes, erms, clmul, bmi1, bmi2, adx, sha, fma, vzeroupper, clflush, clflushopt, hv

Memory: 4k page, system-wide physical 32636M (16457M free)
TotalPageFile size 36732M (AvailPageFile size 3M)
current process WorkingSet (physical memory assigned to process): 596M, peak: 623M
current process commit charge ("private bytes"): 645M, peak: 727M

vm_info: Java HotSpot(TM) 64-Bit Server VM (17.0.12+8-LTS-286) for windows-amd64 JRE (17.0.12+8-LTS-286), built on Jun  5 2024 06:46:59 by "mach5one" with MS VC++ 17.6 (VS2022)

END.
